<?xml version="1.0" encoding="ISO-8859-1" ?>
<link_info>
   <banner>MSP430 Linker PC v21.6.0.LTS</banner>
   <copyright>Copyright (c) 2003-2018 Texas Instruments Incorporated</copyright>
   <link_time>0x6379e5b9</link_time>
   <link_errors>0x0</link_errors>
   <output_file>TwoAxisControl.out</output_file>
   <entry_point>
      <name>_c_int00_noargs_mpu</name>
      <address>0xe4d6</address>
   </entry_point>
   <input_file_list>
      <input_file id="fl-2">
         <path>.\</path>
         <kind>object</kind>
         <file>main.obj</file>
         <name>main.obj</name>
      </input_file>
      <input_file id="fl-9">
         <kind>object</kind>
         <file>&lt;internal&gt;</file>
         <name>&lt;internal&gt;</name>
      </input_file>
      <input_file id="fl-29">
         <path>C:\ti\ccs1200\ccs\tools\compiler\ti-cgt-msp430_21.6.0.LTS\lib\</path>
         <kind>archive</kind>
         <file>rts430x_lc_sd_eabi.lib</file>
         <name>copy_decompress_lzss.c.obj</name>
      </input_file>
      <input_file id="fl-2a">
         <path>C:\ti\ccs1200\ccs\tools\compiler\ti-cgt-msp430_21.6.0.LTS\lib\</path>
         <kind>archive</kind>
         <file>rts430x_lc_sd_eabi.lib</file>
         <name>copy_decompress_none.c.obj</name>
      </input_file>
      <input_file id="fl-2b">
         <path>C:\ti\ccs1200\ccs\tools\compiler\ti-cgt-msp430_21.6.0.LTS\lib\</path>
         <kind>archive</kind>
         <file>rts430x_lc_sd_eabi.lib</file>
         <name>int31.asm.obj</name>
      </input_file>
      <input_file id="fl-2c">
         <path>C:\ti\ccs1200\ccs\tools\compiler\ti-cgt-msp430_21.6.0.LTS\lib\</path>
         <kind>archive</kind>
         <file>rts430x_lc_sd_eabi.lib</file>
         <name>isr_trap.asm.obj</name>
      </input_file>
      <input_file id="fl-2d">
         <path>C:\ti\ccs1200\ccs\tools\compiler\ti-cgt-msp430_21.6.0.LTS\lib\</path>
         <kind>archive</kind>
         <file>rts430x_lc_sd_eabi.lib</file>
         <name>int32.asm.obj</name>
      </input_file>
      <input_file id="fl-2e">
         <path>C:\ti\ccs1200\ccs\tools\compiler\ti-cgt-msp430_21.6.0.LTS\lib\</path>
         <kind>archive</kind>
         <file>rts430x_lc_sd_eabi.lib</file>
         <name>int33.asm.obj</name>
      </input_file>
      <input_file id="fl-2f">
         <path>C:\ti\ccs1200\ccs\tools\compiler\ti-cgt-msp430_21.6.0.LTS\lib\</path>
         <kind>archive</kind>
         <file>rts430x_lc_sd_eabi.lib</file>
         <name>int35.asm.obj</name>
      </input_file>
      <input_file id="fl-30">
         <path>C:\ti\ccs1200\ccs\tools\compiler\ti-cgt-msp430_21.6.0.LTS\lib\</path>
         <kind>archive</kind>
         <file>rts430x_lc_sd_eabi.lib</file>
         <name>int36.asm.obj</name>
      </input_file>
      <input_file id="fl-31">
         <path>C:\ti\ccs1200\ccs\tools\compiler\ti-cgt-msp430_21.6.0.LTS\lib\</path>
         <kind>archive</kind>
         <file>rts430x_lc_sd_eabi.lib</file>
         <name>int39.asm.obj</name>
      </input_file>
      <input_file id="fl-32">
         <path>C:\ti\ccs1200\ccs\tools\compiler\ti-cgt-msp430_21.6.0.LTS\lib\</path>
         <kind>archive</kind>
         <file>rts430x_lc_sd_eabi.lib</file>
         <name>int40.asm.obj</name>
      </input_file>
      <input_file id="fl-33">
         <path>C:\ti\ccs1200\ccs\tools\compiler\ti-cgt-msp430_21.6.0.LTS\lib\</path>
         <kind>archive</kind>
         <file>rts430x_lc_sd_eabi.lib</file>
         <name>int41.asm.obj</name>
      </input_file>
      <input_file id="fl-34">
         <path>C:\ti\ccs1200\ccs\tools\compiler\ti-cgt-msp430_21.6.0.LTS\lib\</path>
         <kind>archive</kind>
         <file>rts430x_lc_sd_eabi.lib</file>
         <name>int42.asm.obj</name>
      </input_file>
      <input_file id="fl-35">
         <path>C:\ti\ccs1200\ccs\tools\compiler\ti-cgt-msp430_21.6.0.LTS\lib\</path>
         <kind>archive</kind>
         <file>rts430x_lc_sd_eabi.lib</file>
         <name>int44.asm.obj</name>
      </input_file>
      <input_file id="fl-36">
         <path>C:\ti\ccs1200\ccs\tools\compiler\ti-cgt-msp430_21.6.0.LTS\lib\</path>
         <kind>archive</kind>
         <file>rts430x_lc_sd_eabi.lib</file>
         <name>int45.asm.obj</name>
      </input_file>
      <input_file id="fl-37">
         <path>C:\ti\ccs1200\ccs\tools\compiler\ti-cgt-msp430_21.6.0.LTS\lib\</path>
         <kind>archive</kind>
         <file>rts430x_lc_sd_eabi.lib</file>
         <name>int46.asm.obj</name>
      </input_file>
      <input_file id="fl-38">
         <path>C:\ti\ccs1200\ccs\tools\compiler\ti-cgt-msp430_21.6.0.LTS\lib\</path>
         <kind>archive</kind>
         <file>rts430x_lc_sd_eabi.lib</file>
         <name>int47.asm.obj</name>
      </input_file>
      <input_file id="fl-39">
         <path>C:\ti\ccs1200\ccs\tools\compiler\ti-cgt-msp430_21.6.0.LTS\lib\</path>
         <kind>archive</kind>
         <file>rts430x_lc_sd_eabi.lib</file>
         <name>int48.asm.obj</name>
      </input_file>
      <input_file id="fl-3a">
         <path>C:\ti\ccs1200\ccs\tools\compiler\ti-cgt-msp430_21.6.0.LTS\lib\</path>
         <kind>archive</kind>
         <file>rts430x_lc_sd_eabi.lib</file>
         <name>int49.asm.obj</name>
      </input_file>
      <input_file id="fl-3b">
         <path>C:\ti\ccs1200\ccs\tools\compiler\ti-cgt-msp430_21.6.0.LTS\lib\</path>
         <kind>archive</kind>
         <file>rts430x_lc_sd_eabi.lib</file>
         <name>int50.asm.obj</name>
      </input_file>
      <input_file id="fl-3c">
         <path>C:\ti\ccs1200\ccs\tools\compiler\ti-cgt-msp430_21.6.0.LTS\lib\</path>
         <kind>archive</kind>
         <file>rts430x_lc_sd_eabi.lib</file>
         <name>int52.asm.obj</name>
      </input_file>
      <input_file id="fl-3d">
         <path>C:\ti\ccs1200\ccs\tools\compiler\ti-cgt-msp430_21.6.0.LTS\lib\</path>
         <kind>archive</kind>
         <file>rts430x_lc_sd_eabi.lib</file>
         <name>int53.asm.obj</name>
      </input_file>
      <input_file id="fl-3e">
         <path>C:\ti\ccs1200\ccs\tools\compiler\ti-cgt-msp430_21.6.0.LTS\lib\</path>
         <kind>archive</kind>
         <file>rts430x_lc_sd_eabi.lib</file>
         <name>int54.asm.obj</name>
      </input_file>
      <input_file id="fl-3f">
         <path>C:\ti\ccs1200\ccs\tools\compiler\ti-cgt-msp430_21.6.0.LTS\lib\</path>
         <kind>archive</kind>
         <file>rts430x_lc_sd_eabi.lib</file>
         <name>copy_zero_init.c.obj</name>
      </input_file>
      <input_file id="fl-40">
         <path>C:\ti\ccs1200\ccs\tools\compiler\ti-cgt-msp430_21.6.0.LTS\lib\</path>
         <kind>archive</kind>
         <file>rts430x_lc_sd_eabi.lib</file>
         <name>cpy_util.asm.obj</name>
      </input_file>
      <input_file id="fl-41">
         <path>C:\ti\ccs1200\ccs\tools\compiler\ti-cgt-msp430_21.6.0.LTS\lib\</path>
         <kind>archive</kind>
         <file>rts430x_lc_sd_eabi.lib</file>
         <name>addd.c.obj</name>
      </input_file>
      <input_file id="fl-42">
         <path>C:\ti\ccs1200\ccs\tools\compiler\ti-cgt-msp430_21.6.0.LTS\lib\</path>
         <kind>archive</kind>
         <file>rts430x_lc_sd_eabi.lib</file>
         <name>cmpd.c.obj</name>
      </input_file>
      <input_file id="fl-43">
         <path>C:\ti\ccs1200\ccs\tools\compiler\ti-cgt-msp430_21.6.0.LTS\lib\</path>
         <kind>archive</kind>
         <file>rts430x_lc_sd_eabi.lib</file>
         <name>divd.c.obj</name>
      </input_file>
      <input_file id="fl-44">
         <path>C:\ti\ccs1200\ccs\tools\compiler\ti-cgt-msp430_21.6.0.LTS\lib\</path>
         <kind>archive</kind>
         <file>rts430x_lc_sd_eabi.lib</file>
         <name>frcdivd.c.obj</name>
      </input_file>
      <input_file id="fl-45">
         <path>C:\ti\ccs1200\ccs\tools\compiler\ti-cgt-msp430_21.6.0.LTS\lib\</path>
         <kind>archive</kind>
         <file>rts430x_lc_sd_eabi.lib</file>
         <name>fixdi.c.obj</name>
      </input_file>
      <input_file id="fl-46">
         <path>C:\ti\ccs1200\ccs\tools\compiler\ti-cgt-msp430_21.6.0.LTS\lib\</path>
         <kind>archive</kind>
         <file>rts430x_lc_sd_eabi.lib</file>
         <name>fixdli.c.obj</name>
      </input_file>
      <input_file id="fl-47">
         <path>C:\ti\ccs1200\ccs\tools\compiler\ti-cgt-msp430_21.6.0.LTS\lib\</path>
         <kind>archive</kind>
         <file>rts430x_lc_sd_eabi.lib</file>
         <name>fixdu.c.obj</name>
      </input_file>
      <input_file id="fl-48">
         <path>C:\ti\ccs1200\ccs\tools\compiler\ti-cgt-msp430_21.6.0.LTS\lib\</path>
         <kind>archive</kind>
         <file>rts430x_lc_sd_eabi.lib</file>
         <name>fixdul.c.obj</name>
      </input_file>
      <input_file id="fl-49">
         <path>C:\ti\ccs1200\ccs\tools\compiler\ti-cgt-msp430_21.6.0.LTS\lib\</path>
         <kind>archive</kind>
         <file>rts430x_lc_sd_eabi.lib</file>
         <name>fltid.c.obj</name>
      </input_file>
      <input_file id="fl-4a">
         <path>C:\ti\ccs1200\ccs\tools\compiler\ti-cgt-msp430_21.6.0.LTS\lib\</path>
         <kind>archive</kind>
         <file>rts430x_lc_sd_eabi.lib</file>
         <name>fltlid.c.obj</name>
      </input_file>
      <input_file id="fl-4b">
         <path>C:\ti\ccs1200\ccs\tools\compiler\ti-cgt-msp430_21.6.0.LTS\lib\</path>
         <kind>archive</kind>
         <file>rts430x_lc_sd_eabi.lib</file>
         <name>fltud.c.obj</name>
      </input_file>
      <input_file id="fl-4c">
         <path>C:\ti\ccs1200\ccs\tools\compiler\ti-cgt-msp430_21.6.0.LTS\lib\</path>
         <kind>archive</kind>
         <file>rts430x_lc_sd_eabi.lib</file>
         <name>fltuld.c.obj</name>
      </input_file>
      <input_file id="fl-4d">
         <path>C:\ti\ccs1200\ccs\tools\compiler\ti-cgt-msp430_21.6.0.LTS\lib\</path>
         <kind>archive</kind>
         <file>rts430x_lc_sd_eabi.lib</file>
         <name>mpyd.c.obj</name>
      </input_file>
      <input_file id="fl-4e">
         <path>C:\ti\ccs1200\ccs\tools\compiler\ti-cgt-msp430_21.6.0.LTS\lib\</path>
         <kind>archive</kind>
         <file>rts430x_lc_sd_eabi.lib</file>
         <name>frcmpyd.c.obj</name>
      </input_file>
      <input_file id="fl-4f">
         <path>C:\ti\ccs1200\ccs\tools\compiler\ti-cgt-msp430_21.6.0.LTS\lib\</path>
         <kind>archive</kind>
         <file>rts430x_lc_sd_eabi.lib</file>
         <name>mult16.asm.obj</name>
      </input_file>
      <input_file id="fl-50">
         <path>C:\ti\ccs1200\ccs\tools\compiler\ti-cgt-msp430_21.6.0.LTS\lib\</path>
         <kind>archive</kind>
         <file>rts430x_lc_sd_eabi.lib</file>
         <name>mult16_f5hw.asm.obj</name>
      </input_file>
      <input_file id="fl-51">
         <path>C:\ti\ccs1200\ccs\tools\compiler\ti-cgt-msp430_21.6.0.LTS\lib\</path>
         <kind>archive</kind>
         <file>rts430x_lc_sd_eabi.lib</file>
         <name>mult32.asm.obj</name>
      </input_file>
      <input_file id="fl-52">
         <path>C:\ti\ccs1200\ccs\tools\compiler\ti-cgt-msp430_21.6.0.LTS\lib\</path>
         <kind>archive</kind>
         <file>rts430x_lc_sd_eabi.lib</file>
         <name>mult32_f5hw.asm.obj</name>
      </input_file>
      <input_file id="fl-53">
         <path>C:\ti\ccs1200\ccs\tools\compiler\ti-cgt-msp430_21.6.0.LTS\lib\</path>
         <kind>archive</kind>
         <file>rts430x_lc_sd_eabi.lib</file>
         <name>mult64.asm.obj</name>
      </input_file>
      <input_file id="fl-54">
         <path>C:\ti\ccs1200\ccs\tools\compiler\ti-cgt-msp430_21.6.0.LTS\lib\</path>
         <kind>archive</kind>
         <file>rts430x_lc_sd_eabi.lib</file>
         <name>mult64_f5hw.asm.obj</name>
      </input_file>
      <input_file id="fl-55">
         <path>C:\ti\ccs1200\ccs\tools\compiler\ti-cgt-msp430_21.6.0.LTS\lib\</path>
         <kind>archive</kind>
         <file>rts430x_lc_sd_eabi.lib</file>
         <name>mult1632_f5hw.asm.obj</name>
      </input_file>
      <input_file id="fl-56">
         <path>C:\ti\ccs1200\ccs\tools\compiler\ti-cgt-msp430_21.6.0.LTS\lib\</path>
         <kind>archive</kind>
         <file>rts430x_lc_sd_eabi.lib</file>
         <name>mult3264_f5hw.asm.obj</name>
      </input_file>
      <input_file id="fl-57">
         <path>C:\ti\ccs1200\ccs\tools\compiler\ti-cgt-msp430_21.6.0.LTS\lib\</path>
         <kind>archive</kind>
         <file>rts430x_lc_sd_eabi.lib</file>
         <name>mult1632.asm.obj</name>
      </input_file>
      <input_file id="fl-58">
         <path>C:\ti\ccs1200\ccs\tools\compiler\ti-cgt-msp430_21.6.0.LTS\lib\</path>
         <kind>archive</kind>
         <file>rts430x_lc_sd_eabi.lib</file>
         <name>mult3264.asm.obj</name>
      </input_file>
      <input_file id="fl-59">
         <path>C:\ti\ccs1200\ccs\tools\compiler\ti-cgt-msp430_21.6.0.LTS\lib\</path>
         <kind>archive</kind>
         <file>rts430x_lc_sd_eabi.lib</file>
         <name>negd.c.obj</name>
      </input_file>
      <input_file id="fl-5a">
         <path>C:\ti\ccs1200\ccs\tools\compiler\ti-cgt-msp430_21.6.0.LTS\lib\</path>
         <kind>archive</kind>
         <file>rts430x_lc_sd_eabi.lib</file>
         <name>lsl32.asm.obj</name>
      </input_file>
      <input_file id="fl-5b">
         <path>C:\ti\ccs1200\ccs\tools\compiler\ti-cgt-msp430_21.6.0.LTS\lib\</path>
         <kind>archive</kind>
         <file>rts430x_lc_sd_eabi.lib</file>
         <name>lsl64.c.obj</name>
      </input_file>
      <input_file id="fl-5c">
         <path>C:\ti\ccs1200\ccs\tools\compiler\ti-cgt-msp430_21.6.0.LTS\lib\</path>
         <kind>archive</kind>
         <file>rts430x_lc_sd_eabi.lib</file>
         <name>asr32.asm.obj</name>
      </input_file>
      <input_file id="fl-5d">
         <path>C:\ti\ccs1200\ccs\tools\compiler\ti-cgt-msp430_21.6.0.LTS\lib\</path>
         <kind>archive</kind>
         <file>rts430x_lc_sd_eabi.lib</file>
         <name>asr64.c.obj</name>
      </input_file>
      <input_file id="fl-5e">
         <path>C:\ti\ccs1200\ccs\tools\compiler\ti-cgt-msp430_21.6.0.LTS\lib\</path>
         <kind>archive</kind>
         <file>rts430x_lc_sd_eabi.lib</file>
         <name>lsr32.asm.obj</name>
      </input_file>
      <input_file id="fl-5f">
         <path>C:\ti\ccs1200\ccs\tools\compiler\ti-cgt-msp430_21.6.0.LTS\lib\</path>
         <kind>archive</kind>
         <file>rts430x_lc_sd_eabi.lib</file>
         <name>lsr64.c.obj</name>
      </input_file>
      <input_file id="fl-60">
         <path>C:\ti\ccs1200\ccs\tools\compiler\ti-cgt-msp430_21.6.0.LTS\lib\</path>
         <kind>archive</kind>
         <file>rts430x_lc_sd_eabi.lib</file>
         <name>subd.c.obj</name>
      </input_file>
      <input_file id="fl-61">
         <path>C:\ti\ccs1200\ccs\tools\compiler\ti-cgt-msp430_21.6.0.LTS\lib\</path>
         <kind>archive</kind>
         <file>rts430x_lc_sd_eabi.lib</file>
         <name>boot.c.obj</name>
      </input_file>
      <input_file id="fl-62">
         <path>C:\ti\ccs1200\ccs\ccs_base\msp430\lib\FR57xx\</path>
         <kind>archive</kind>
         <file>MPU_INIT_FR57XX_LIB_CCS_msp430_large_code_small_data.lib</file>
         <name>mpu_init_fr57xx.obj</name>
      </input_file>
      <input_file id="fl-63">
         <path>C:\ti\ccs1200\ccs\tools\compiler\ti-cgt-msp430_21.6.0.LTS\lib\</path>
         <kind>archive</kind>
         <file>rts430x_lc_sd_eabi.lib</file>
         <name>args_main.c.obj</name>
      </input_file>
      <input_file id="fl-64">
         <path>C:\ti\ccs1200\ccs\tools\compiler\ti-cgt-msp430_21.6.0.LTS\lib\</path>
         <kind>archive</kind>
         <file>rts430x_lc_sd_eabi.lib</file>
         <name>autoinit.c.obj</name>
      </input_file>
      <input_file id="fl-65">
         <path>C:\ti\ccs1200\ccs\tools\compiler\ti-cgt-msp430_21.6.0.LTS\lib\</path>
         <kind>archive</kind>
         <file>rts430x_lc_sd_eabi.lib</file>
         <name>startup.c.obj</name>
      </input_file>
      <input_file id="fl-66">
         <path>C:\ti\ccs1200\ccs\tools\compiler\ti-cgt-msp430_21.6.0.LTS\lib\</path>
         <kind>archive</kind>
         <file>rts430x_lc_sd_eabi.lib</file>
         <name>pre_init.c.obj</name>
      </input_file>
      <input_file id="fl-67">
         <path>C:\ti\ccs1200\ccs\tools\compiler\ti-cgt-msp430_21.6.0.LTS\lib\</path>
         <kind>archive</kind>
         <file>rts430x_lc_sd_eabi.lib</file>
         <name>abs.c.obj</name>
      </input_file>
      <input_file id="fl-68">
         <path>C:\ti\ccs1200\ccs\tools\compiler\ti-cgt-msp430_21.6.0.LTS\lib\</path>
         <kind>archive</kind>
         <file>rts430x_lc_sd_eabi.lib</file>
         <name>cpy_tbl.c.obj</name>
      </input_file>
      <input_file id="fl-69">
         <path>C:\ti\ccs1200\ccs\tools\compiler\ti-cgt-msp430_21.6.0.LTS\lib\</path>
         <kind>archive</kind>
         <file>rts430x_lc_sd_eabi.lib</file>
         <name>exit.c.obj</name>
      </input_file>
      <input_file id="fl-6a">
         <path>C:\ti\ccs1200\ccs\tools\compiler\ti-cgt-msp430_21.6.0.LTS\lib\</path>
         <kind>archive</kind>
         <file>rts430x_lc_sd_eabi.lib</file>
         <name>exit_gvars.c.obj</name>
      </input_file>
      <input_file id="fl-6b">
         <path>C:\ti\ccs1200\ccs\tools\compiler\ti-cgt-msp430_21.6.0.LTS\lib\</path>
         <kind>archive</kind>
         <file>rts430x_lc_sd_eabi.lib</file>
         <name>_lock.c.obj</name>
      </input_file>
      <input_file id="fl-6c">
         <path>C:\ti\ccs1200\ccs\tools\compiler\ti-cgt-msp430_21.6.0.LTS\lib\</path>
         <kind>archive</kind>
         <file>rts430x_lc_sd_eabi.lib</file>
         <name>memcpy.c.obj</name>
      </input_file>
   </input_file_list>
   <object_component_list>
      <object_component id="oc-588">
         <name>.cinit..data.load</name>
         <load_address>0xc200</load_address>
         <run_address>0xc200</run_address>
         <size>0x74</size>
      </object_component>
      <object_component id="oc-585">
         <name>__TI_handler_table</name>
         <load_address>0xc276</load_address>
         <run_address>0xc276</run_address>
         <size>0xc</size>
      </object_component>
      <object_component id="oc-587">
         <name>.cinit..bss.load</name>
         <load_address>0xc282</load_address>
         <run_address>0xc282</run_address>
         <size>0x6</size>
      </object_component>
      <object_component id="oc-586">
         <name>__TI_cinit_table</name>
         <load_address>0xc288</load_address>
         <run_address>0xc288</run_address>
         <size>0x10</size>
      </object_component>
      <object_component id="oc-51e">
         <name>.binit</name>
         <load_address>0xc298</load_address>
         <run_address>0xc298</run_address>
         <size>0x0</size>
      </object_component>
      <object_component id="oc-347">
         <name>.const</name>
         <load_address>0xc298</load_address>
         <run_address>0xc298</run_address>
         <size>0x70</size>
         <input_file_ref idref="fl-2"/>
      </object_component>
      <object_component id="oc-3c2">
         <name>.const:.string</name>
         <load_address>0xc308</load_address>
         <run_address>0xc308</run_address>
         <size>0x20</size>
         <input_file_ref idref="fl-2"/>
      </object_component>
      <object_component id="oc-38b">
         <name>.text:__mspabi_addd</name>
         <load_address>0xc400</load_address>
         <run_address>0xc400</run_address>
         <size>0x72a</size>
         <input_file_ref idref="fl-41"/>
      </object_component>
      <object_component id="oc-39f">
         <name>.text:main</name>
         <load_address>0xcb2a</load_address>
         <run_address>0xcb2a</run_address>
         <size>0x498</size>
         <input_file_ref idref="fl-2"/>
      </object_component>
      <object_component id="oc-47e">
         <name>.text:__TI_frcdivd</name>
         <load_address>0xcfc2</load_address>
         <run_address>0xcfc2</run_address>
         <size>0x466</size>
         <input_file_ref idref="fl-44"/>
      </object_component>
      <object_component id="oc-34a">
         <name>.text:__mspabi_mpyd</name>
         <load_address>0xd428</load_address>
         <run_address>0xd428</run_address>
         <size>0x298</size>
         <input_file_ref idref="fl-4d"/>
      </object_component>
      <object_component id="oc-408">
         <name>.text:__mspabi_divd</name>
         <load_address>0xd6c0</load_address>
         <run_address>0xd6c0</run_address>
         <size>0x220</size>
         <input_file_ref idref="fl-43"/>
      </object_component>
      <object_component id="oc-2d5">
         <name>.text:_isr:SendEncoderCount</name>
         <load_address>0xd8e0</load_address>
         <run_address>0xd8e0</run_address>
         <size>0x168</size>
         <input_file_ref idref="fl-2"/>
      </object_component>
      <object_component id="oc-3ce">
         <name>.text:__TI_frcmpyd</name>
         <load_address>0xda48</load_address>
         <run_address>0xda48</run_address>
         <size>0x164</size>
         <input_file_ref idref="fl-4e"/>
      </object_component>
      <object_component id="oc-6e">
         <name>.text:decompress:lzss:__TI_decompress_lzss</name>
         <load_address>0xdbac</load_address>
         <run_address>0xdbac</run_address>
         <size>0xee</size>
         <input_file_ref idref="fl-29"/>
      </object_component>
      <object_component id="oc-36e">
         <name>.text:__mspabi_cmpd</name>
         <load_address>0xdc9a</load_address>
         <run_address>0xdc9a</run_address>
         <size>0xd8</size>
         <input_file_ref idref="fl-42"/>
      </object_component>
      <object_component id="oc-3e4">
         <name>.text:__mspabi_fltlid</name>
         <load_address>0xdd72</load_address>
         <run_address>0xdd72</run_address>
         <size>0x9e</size>
         <input_file_ref idref="fl-4a"/>
      </object_component>
      <object_component id="oc-3c5">
         <name>.text:__mspabi_fltuld</name>
         <load_address>0xde10</load_address>
         <run_address>0xde10</run_address>
         <size>0x80</size>
         <input_file_ref idref="fl-4c"/>
      </object_component>
      <object_component id="oc-382">
         <name>.text:updateStepperCoils</name>
         <load_address>0xde90</load_address>
         <run_address>0xde90</run_address>
         <size>0x7a</size>
         <input_file_ref idref="fl-2"/>
      </object_component>
      <object_component id="oc-2ed">
         <name>.text:_isr:TriggerTimer</name>
         <load_address>0xdf0a</load_address>
         <run_address>0xdf0a</run_address>
         <size>0x74</size>
         <input_file_ref idref="fl-2"/>
      </object_component>
      <object_component id="oc-435">
         <name>.text:__TI_auto_init_nobinit_nopinit_hold_wdt:__TI_auto_init_nobinit_nopinit_hold_wdt</name>
         <load_address>0xdf7e</load_address>
         <run_address>0xdf7e</run_address>
         <size>0x6a</size>
         <input_file_ref idref="fl-64"/>
      </object_component>
      <object_component id="oc-3eb">
         <name>.text:__mspabi_fixdul</name>
         <load_address>0xdfe8</load_address>
         <run_address>0xdfe8</run_address>
         <size>0x68</size>
         <input_file_ref idref="fl-48"/>
      </object_component>
      <object_component id="oc-3dc">
         <name>.text:__mspabi_fixdli</name>
         <load_address>0xe050</load_address>
         <run_address>0xe050</run_address>
         <size>0x66</size>
         <input_file_ref idref="fl-46"/>
      </object_component>
      <object_component id="oc-45c">
         <name>.text:__mpyll</name>
         <load_address>0xe0b6</load_address>
         <run_address>0xe0b6</run_address>
         <size>0x5c</size>
         <input_file_ref idref="fl-54"/>
      </object_component>
      <object_component id="oc-2e7">
         <name>.text:_isr:USCI_A1_ISR</name>
         <load_address>0xe112</load_address>
         <run_address>0xe112</run_address>
         <size>0x58</size>
         <input_file_ref idref="fl-2"/>
      </object_component>
      <object_component id="oc-37a">
         <name>.text:transmitPackage</name>
         <load_address>0xe16a</load_address>
         <run_address>0xe16a</run_address>
         <size>0x52</size>
         <input_file_ref idref="fl-2"/>
      </object_component>
      <object_component id="oc-2c4">
         <name>.text:__memcpy_far</name>
         <load_address>0xe1bc</load_address>
         <run_address>0xe1bc</run_address>
         <size>0x40</size>
         <input_file_ref idref="fl-40"/>
      </object_component>
      <object_component id="oc-3f9">
         <name>.text:__mspabi_srall</name>
         <load_address>0xe1fc</load_address>
         <run_address>0xe1fc</run_address>
         <size>0x40</size>
         <input_file_ref idref="fl-5d"/>
      </object_component>
      <object_component id="oc-2f3">
         <name>.text:decompress:ZI:__TI_zero_init_nomemset:__TI_zero_init_nomemset</name>
         <load_address>0xe23c</load_address>
         <run_address>0xe23c</run_address>
         <size>0x3e</size>
         <input_file_ref idref="fl-3f"/>
      </object_component>
      <object_component id="oc-4c8">
         <name>.text:l_asr_const</name>
         <load_address>0xe27a</load_address>
         <run_address>0xe27a</run_address>
         <size>0x3e</size>
         <input_file_ref idref="fl-5c"/>
      </object_component>
      <object_component id="oc-450">
         <name>.text:l_lsl_const</name>
         <load_address>0xe2b8</load_address>
         <run_address>0xe2b8</run_address>
         <size>0x3e</size>
         <input_file_ref idref="fl-5a"/>
      </object_component>
      <object_component id="oc-455">
         <name>.text:l_lsr_const</name>
         <load_address>0xe2f6</load_address>
         <run_address>0xe2f6</run_address>
         <size>0x3e</size>
         <input_file_ref idref="fl-5e"/>
      </object_component>
      <object_component id="oc-74">
         <name>.text:decompress:none:__TI_decompress_none</name>
         <load_address>0xe334</load_address>
         <run_address>0xe334</run_address>
         <size>0x3c</size>
         <input_file_ref idref="fl-2a"/>
      </object_component>
      <object_component id="oc-3ff">
         <name>.text:__mspabi_sllll</name>
         <load_address>0xe370</load_address>
         <run_address>0xe370</run_address>
         <size>0x3a</size>
         <input_file_ref idref="fl-5b"/>
      </object_component>
      <object_component id="oc-466">
         <name>.text:__mspabi_srlll</name>
         <load_address>0xe3aa</load_address>
         <run_address>0xe3aa</run_address>
         <size>0x3a</size>
         <input_file_ref idref="fl-5f"/>
      </object_component>
      <object_component id="oc-350">
         <name>.text:__mspabi_subd</name>
         <load_address>0xe3e4</load_address>
         <run_address>0xe3e4</run_address>
         <size>0x2e</size>
         <input_file_ref idref="fl-60"/>
      </object_component>
      <object_component id="oc-461">
         <name>.text:__mpyull</name>
         <load_address>0xe412</load_address>
         <run_address>0xe412</run_address>
         <size>0x2c</size>
         <input_file_ref idref="fl-56"/>
      </object_component>
      <object_component id="oc-374">
         <name>.text:__mspabi_negd</name>
         <load_address>0xe43e</load_address>
         <run_address>0xe43e</run_address>
         <size>0x2a</size>
         <input_file_ref idref="fl-59"/>
      </object_component>
      <object_component id="oc-356">
         <name>.text:__mspabi_fixdi</name>
         <load_address>0xe468</load_address>
         <run_address>0xe468</run_address>
         <size>0x28</size>
         <input_file_ref idref="fl-45"/>
      </object_component>
      <object_component id="oc-4c3">
         <name>.text</name>
         <load_address>0xe490</load_address>
         <run_address>0xe490</run_address>
         <size>0x24</size>
         <input_file_ref idref="fl-52"/>
      </object_component>
      <object_component id="oc-3b1">
         <name>.text:__mpu_init</name>
         <load_address>0xe4b4</load_address>
         <run_address>0xe4b4</run_address>
         <size>0x22</size>
         <input_file_ref idref="fl-62"/>
      </object_component>
      <object_component id="oc-31d">
         <name>.text:_isr:_c_int00_noargs_mpu</name>
         <load_address>0xe4d6</load_address>
         <run_address>0xe4d6</run_address>
         <size>0x20</size>
         <input_file_ref idref="fl-61"/>
      </object_component>
      <object_component id="oc-4cd">
         <name>.text</name>
         <load_address>0xe4f6</load_address>
         <run_address>0xe4f6</run_address>
         <size>0x18</size>
         <input_file_ref idref="fl-50"/>
      </object_component>
      <object_component id="oc-2e1">
         <name>.text:_isr:TurnOnStepperPhases</name>
         <load_address>0xe50e</load_address>
         <run_address>0xe50e</run_address>
         <size>0x14</size>
         <input_file_ref idref="fl-2"/>
      </object_component>
      <object_component id="oc-368">
         <name>.text:__mspabi_fixdu</name>
         <load_address>0xe522</load_address>
         <run_address>0xe522</run_address>
         <size>0x12</size>
         <input_file_ref idref="fl-47"/>
      </object_component>
      <object_component id="oc-2db">
         <name>.text:_isr:TurnOffStepperPhases</name>
         <load_address>0xe534</load_address>
         <run_address>0xe534</run_address>
         <size>0x12</size>
         <input_file_ref idref="fl-2"/>
      </object_component>
      <object_component id="oc-46f">
         <name>.text:l_lsr</name>
         <load_address>0xe546</load_address>
         <run_address>0xe546</run_address>
         <size>0x10</size>
         <input_file_ref idref="fl-5e"/>
      </object_component>
      <object_component id="oc-362">
         <name>.text:__mspabi_fltid</name>
         <load_address>0xe556</load_address>
         <run_address>0xe556</run_address>
         <size>0xc</size>
         <input_file_ref idref="fl-49"/>
      </object_component>
      <object_component id="oc-35c">
         <name>.text:abs</name>
         <load_address>0xe562</load_address>
         <run_address>0xe562</run_address>
         <size>0xa</size>
         <input_file_ref idref="fl-67"/>
      </object_component>
      <object_component id="oc-2d0">
         <name>.text:_isr:__TI_ISR_TRAP</name>
         <load_address>0xe56c</load_address>
         <run_address>0xe56c</run_address>
         <size>0x8</size>
         <input_file_ref idref="fl-2c"/>
      </object_component>
      <object_component id="oc-341">
         <name>.text:__mspabi_fltud</name>
         <load_address>0xe574</load_address>
         <run_address>0xe574</run_address>
         <size>0x6</size>
         <input_file_ref idref="fl-4b"/>
      </object_component>
      <object_component id="oc-411">
         <name>.text:abort</name>
         <load_address>0xe57a</load_address>
         <run_address>0xe57a</run_address>
         <size>0x6</size>
         <input_file_ref idref="fl-69"/>
      </object_component>
      <object_component id="oc-399">
         <name>.text:_system_pre_init</name>
         <load_address>0xe580</load_address>
         <run_address>0xe580</run_address>
         <size>0x4</size>
         <input_file_ref idref="fl-66"/>
      </object_component>
      <object_component id="oc-498">
         <name>.text:_system_post_cinit</name>
         <load_address>0xe584</load_address>
         <run_address>0xe584</run_address>
         <size>0x2</size>
         <input_file_ref idref="fl-65"/>
      </object_component>
      <object_component id="oc-389">
         <name>.common:circBuffer</name>
         <uninitialized>true</uninitialized>
         <run_address>0x1c00</run_address>
         <size>0x12c</size>
      </object_component>
      <object_component id="oc-33a">
         <name>.common:currentTA0</name>
         <uninitialized>true</uninitialized>
         <run_address>0x1d2c</run_address>
         <size>0x2</size>
      </object_component>
      <object_component id="oc-33d">
         <name>.common:currentTA1</name>
         <uninitialized>true</uninitialized>
         <run_address>0x1d2e</run_address>
         <size>0x2</size>
      </object_component>
      <object_component id="oc-40e">
         <name>.common:prevTA0</name>
         <uninitialized>true</uninitialized>
         <run_address>0x1d30</run_address>
         <size>0x2</size>
      </object_component>
      <object_component id="oc-40f">
         <name>.common:prevTA1</name>
         <uninitialized>true</uninitialized>
         <run_address>0x1d32</run_address>
         <size>0x2</size>
      </object_component>
      <object_component id="oc-33e">
         <name>.data</name>
         <load_address>0x1d74</load_address>
         <run_address>0x1d74</run_address>
         <size>0x2e</size>
         <input_file_ref idref="fl-2"/>
      </object_component>
      <object_component id="oc-3f5">
         <name>.data:halfStepLookupTable</name>
         <load_address>0x1d34</load_address>
         <run_address>0x1d34</run_address>
         <size>0x40</size>
         <input_file_ref idref="fl-2"/>
      </object_component>
      <object_component id="oc-2b5">
         <name>.stack</name>
         <uninitialized>true</uninitialized>
         <run_address>0x1f60</run_address>
         <size>0x2</size>
         <input_file_ref idref="fl-61"/>
      </object_component>
      <object_component id="oc-589">
         <name>.stack</name>
         <uninitialized>true</uninitialized>
         <run_address>0x1f60</run_address>
         <size>0x0</size>
      </object_component>
      <object_component id="oc-7a">
         <name>.int31</name>
         <load_address>0xffce</load_address>
         <run_address>0xffce</run_address>
         <size>0x2</size>
         <input_file_ref idref="fl-2b"/>
      </object_component>
      <object_component id="oc-7b">
         <name>.int32</name>
         <load_address>0xffd0</load_address>
         <run_address>0xffd0</run_address>
         <size>0x2</size>
         <input_file_ref idref="fl-2d"/>
      </object_component>
      <object_component id="oc-7c">
         <name>.int33</name>
         <load_address>0xffd2</load_address>
         <run_address>0xffd2</run_address>
         <size>0x2</size>
         <input_file_ref idref="fl-2e"/>
      </object_component>
      <object_component id="oc-7d">
         <name>.int34</name>
         <load_address>0xffd4</load_address>
         <run_address>0xffd4</run_address>
         <size>0x2</size>
         <input_file_ref idref="fl-2"/>
      </object_component>
      <object_component id="oc-7e">
         <name>.int35</name>
         <load_address>0xffd6</load_address>
         <run_address>0xffd6</run_address>
         <size>0x2</size>
         <input_file_ref idref="fl-2f"/>
      </object_component>
      <object_component id="oc-7f">
         <name>.int36</name>
         <load_address>0xffd8</load_address>
         <run_address>0xffd8</run_address>
         <size>0x2</size>
         <input_file_ref idref="fl-30"/>
      </object_component>
      <object_component id="oc-80">
         <name>.int37</name>
         <load_address>0xffda</load_address>
         <run_address>0xffda</run_address>
         <size>0x2</size>
         <input_file_ref idref="fl-2"/>
      </object_component>
      <object_component id="oc-81">
         <name>.int38</name>
         <load_address>0xffdc</load_address>
         <run_address>0xffdc</run_address>
         <size>0x2</size>
         <input_file_ref idref="fl-2"/>
      </object_component>
      <object_component id="oc-82">
         <name>.int39</name>
         <load_address>0xffde</load_address>
         <run_address>0xffde</run_address>
         <size>0x2</size>
         <input_file_ref idref="fl-31"/>
      </object_component>
      <object_component id="oc-83">
         <name>.int40</name>
         <load_address>0xffe0</load_address>
         <run_address>0xffe0</run_address>
         <size>0x2</size>
         <input_file_ref idref="fl-32"/>
      </object_component>
      <object_component id="oc-84">
         <name>.int41</name>
         <load_address>0xffe2</load_address>
         <run_address>0xffe2</run_address>
         <size>0x2</size>
         <input_file_ref idref="fl-33"/>
      </object_component>
      <object_component id="oc-85">
         <name>.int42</name>
         <load_address>0xffe4</load_address>
         <run_address>0xffe4</run_address>
         <size>0x2</size>
         <input_file_ref idref="fl-34"/>
      </object_component>
      <object_component id="oc-86">
         <name>.int43</name>
         <load_address>0xffe6</load_address>
         <run_address>0xffe6</run_address>
         <size>0x2</size>
         <input_file_ref idref="fl-2"/>
      </object_component>
      <object_component id="oc-87">
         <name>.int44</name>
         <load_address>0xffe8</load_address>
         <run_address>0xffe8</run_address>
         <size>0x2</size>
         <input_file_ref idref="fl-35"/>
      </object_component>
      <object_component id="oc-88">
         <name>.int45</name>
         <load_address>0xffea</load_address>
         <run_address>0xffea</run_address>
         <size>0x2</size>
         <input_file_ref idref="fl-36"/>
      </object_component>
      <object_component id="oc-89">
         <name>.int46</name>
         <load_address>0xffec</load_address>
         <run_address>0xffec</run_address>
         <size>0x2</size>
         <input_file_ref idref="fl-37"/>
      </object_component>
      <object_component id="oc-8a">
         <name>.int47</name>
         <load_address>0xffee</load_address>
         <run_address>0xffee</run_address>
         <size>0x2</size>
         <input_file_ref idref="fl-38"/>
      </object_component>
      <object_component id="oc-8b">
         <name>.int48</name>
         <load_address>0xfff0</load_address>
         <run_address>0xfff0</run_address>
         <size>0x2</size>
         <input_file_ref idref="fl-39"/>
      </object_component>
      <object_component id="oc-8c">
         <name>.int49</name>
         <load_address>0xfff2</load_address>
         <run_address>0xfff2</run_address>
         <size>0x2</size>
         <input_file_ref idref="fl-3a"/>
      </object_component>
      <object_component id="oc-8d">
         <name>.int50</name>
         <load_address>0xfff4</load_address>
         <run_address>0xfff4</run_address>
         <size>0x2</size>
         <input_file_ref idref="fl-3b"/>
      </object_component>
      <object_component id="oc-8e">
         <name>.int51</name>
         <load_address>0xfff6</load_address>
         <run_address>0xfff6</run_address>
         <size>0x2</size>
         <input_file_ref idref="fl-2"/>
      </object_component>
      <object_component id="oc-8f">
         <name>.int52</name>
         <load_address>0xfff8</load_address>
         <run_address>0xfff8</run_address>
         <size>0x2</size>
         <input_file_ref idref="fl-3c"/>
      </object_component>
      <object_component id="oc-90">
         <name>.int53</name>
         <load_address>0xfffa</load_address>
         <run_address>0xfffa</run_address>
         <size>0x2</size>
         <input_file_ref idref="fl-3d"/>
      </object_component>
      <object_component id="oc-91">
         <name>.int54</name>
         <load_address>0xfffc</load_address>
         <run_address>0xfffc</run_address>
         <size>0x2</size>
         <input_file_ref idref="fl-3e"/>
      </object_component>
      <object_component id="oc-2b8">
         <name>.reset</name>
         <load_address>0xfffe</load_address>
         <run_address>0xfffe</run_address>
         <size>0x2</size>
         <input_file_ref idref="fl-61"/>
      </object_component>
      <object_component id="oc-33b">
         <name>.debug_info</name>
         <load_address>0x0</load_address>
         <run_address>0x0</run_address>
         <size>0x65a</size>
         <input_file_ref idref="fl-2"/>
      </object_component>
      <object_component id="oc-348">
         <name>.debug_info</name>
         <load_address>0x65a</load_address>
         <run_address>0x65a</run_address>
         <size>0x288</size>
         <input_file_ref idref="fl-2"/>
      </object_component>
      <object_component id="oc-33f">
         <name>.debug_info</name>
         <load_address>0x8e2</load_address>
         <run_address>0x8e2</run_address>
         <size>0x35c</size>
         <input_file_ref idref="fl-2"/>
      </object_component>
      <object_component id="oc-3f6">
         <name>.debug_info</name>
         <load_address>0xc3e</load_address>
         <run_address>0xc3e</run_address>
         <size>0xf7</size>
         <input_file_ref idref="fl-2"/>
      </object_component>
      <object_component id="oc-384">
         <name>.debug_info</name>
         <load_address>0xd35</load_address>
         <run_address>0xd35</run_address>
         <size>0x11f</size>
         <input_file_ref idref="fl-2"/>
      </object_component>
      <object_component id="oc-37b">
         <name>.debug_info</name>
         <load_address>0xe54</load_address>
         <run_address>0xe54</run_address>
         <size>0x1da</size>
         <input_file_ref idref="fl-2"/>
      </object_component>
      <object_component id="oc-3a1">
         <name>.debug_info</name>
         <load_address>0x102e</load_address>
         <run_address>0x102e</run_address>
         <size>0x3b5</size>
         <input_file_ref idref="fl-2"/>
      </object_component>
      <object_component id="oc-2e8">
         <name>.debug_info</name>
         <load_address>0x13e3</load_address>
         <run_address>0x13e3</run_address>
         <size>0x115</size>
         <input_file_ref idref="fl-2"/>
      </object_component>
      <object_component id="oc-2e2">
         <name>.debug_info</name>
         <load_address>0x14f8</load_address>
         <run_address>0x14f8</run_address>
         <size>0x13e</size>
         <input_file_ref idref="fl-2"/>
      </object_component>
      <object_component id="oc-2dd">
         <name>.debug_info</name>
         <load_address>0x1636</load_address>
         <run_address>0x1636</run_address>
         <size>0x127</size>
         <input_file_ref idref="fl-2"/>
      </object_component>
      <object_component id="oc-2ee">
         <name>.debug_info</name>
         <load_address>0x175d</load_address>
         <run_address>0x175d</run_address>
         <size>0x155</size>
         <input_file_ref idref="fl-2"/>
      </object_component>
      <object_component id="oc-2d6">
         <name>.debug_info</name>
         <load_address>0x18b2</load_address>
         <run_address>0x18b2</run_address>
         <size>0x272</size>
         <input_file_ref idref="fl-2"/>
      </object_component>
      <object_component id="oc-2bf">
         <name>.debug_info</name>
         <load_address>0x1b24</load_address>
         <run_address>0x1b24</run_address>
         <size>0x84</size>
         <input_file_ref idref="fl-2"/>
      </object_component>
      <object_component id="oc-6f">
         <name>.debug_info</name>
         <load_address>0x1ba8</load_address>
         <run_address>0x1ba8</run_address>
         <size>0x2b8</size>
         <input_file_ref idref="fl-29"/>
      </object_component>
      <object_component id="oc-3bb">
         <name>.debug_info</name>
         <load_address>0x1e60</load_address>
         <run_address>0x1e60</run_address>
         <size>0x46</size>
         <input_file_ref idref="fl-29"/>
      </object_component>
      <object_component id="oc-331">
         <name>.debug_info</name>
         <load_address>0x1ea6</load_address>
         <run_address>0x1ea6</run_address>
         <size>0x39</size>
         <input_file_ref idref="fl-29"/>
      </object_component>
      <object_component id="oc-2ba">
         <name>.debug_info</name>
         <load_address>0x1edf</load_address>
         <run_address>0x1edf</run_address>
         <size>0x60</size>
         <input_file_ref idref="fl-29"/>
      </object_component>
      <object_component id="oc-2cf">
         <name>.debug_info</name>
         <load_address>0x1f3f</load_address>
         <run_address>0x1f3f</run_address>
         <size>0x1da</size>
         <input_file_ref idref="fl-2a"/>
      </object_component>
      <object_component id="oc-77">
         <name>.debug_info</name>
         <load_address>0x2119</load_address>
         <run_address>0x2119</run_address>
         <size>0x1f2</size>
         <input_file_ref idref="fl-2a"/>
      </object_component>
      <object_component id="oc-2ca">
         <name>.debug_info</name>
         <load_address>0x230b</load_address>
         <run_address>0x230b</run_address>
         <size>0x46</size>
         <input_file_ref idref="fl-2a"/>
      </object_component>
      <object_component id="oc-2d2">
         <name>.debug_info</name>
         <load_address>0x2351</load_address>
         <run_address>0x2351</run_address>
         <size>0x10f</size>
         <input_file_ref idref="fl-2c"/>
      </object_component>
      <object_component id="oc-2f6">
         <name>.debug_info</name>
         <load_address>0x2460</load_address>
         <run_address>0x2460</run_address>
         <size>0x1d3</size>
         <input_file_ref idref="fl-3f"/>
      </object_component>
      <object_component id="oc-393">
         <name>.debug_info</name>
         <load_address>0x2633</load_address>
         <run_address>0x2633</run_address>
         <size>0x46</size>
         <input_file_ref idref="fl-3f"/>
      </object_component>
      <object_component id="oc-2c6">
         <name>.debug_info</name>
         <load_address>0x2679</load_address>
         <run_address>0x2679</run_address>
         <size>0x121</size>
         <input_file_ref idref="fl-40"/>
      </object_component>
      <object_component id="oc-406">
         <name>.debug_info</name>
         <load_address>0x279a</load_address>
         <run_address>0x279a</run_address>
         <size>0x15f</size>
         <input_file_ref idref="fl-41"/>
      </object_component>
      <object_component id="oc-38c">
         <name>.debug_info</name>
         <load_address>0x28f9</load_address>
         <run_address>0x28f9</run_address>
         <size>0x3a0</size>
         <input_file_ref idref="fl-41"/>
      </object_component>
      <object_component id="oc-370">
         <name>.debug_info</name>
         <load_address>0x2c99</load_address>
         <run_address>0x2c99</run_address>
         <size>0x1cf</size>
         <input_file_ref idref="fl-42"/>
      </object_component>
      <object_component id="oc-3d6">
         <name>.debug_info</name>
         <load_address>0x2e68</load_address>
         <run_address>0x2e68</run_address>
         <size>0x94</size>
         <input_file_ref idref="fl-42"/>
      </object_component>
      <object_component id="oc-485">
         <name>.debug_info</name>
         <load_address>0x2efc</load_address>
         <run_address>0x2efc</run_address>
         <size>0x19d</size>
         <input_file_ref idref="fl-43"/>
      </object_component>
      <object_component id="oc-409">
         <name>.debug_info</name>
         <load_address>0x3099</load_address>
         <run_address>0x3099</run_address>
         <size>0x252</size>
         <input_file_ref idref="fl-43"/>
      </object_component>
      <object_component id="oc-4d3">
         <name>.debug_info</name>
         <load_address>0x32eb</load_address>
         <run_address>0x32eb</run_address>
         <size>0x16d</size>
         <input_file_ref idref="fl-44"/>
      </object_component>
      <object_component id="oc-480">
         <name>.debug_info</name>
         <load_address>0x3458</load_address>
         <run_address>0x3458</run_address>
         <size>0x5bd</size>
         <input_file_ref idref="fl-44"/>
      </object_component>
      <object_component id="oc-358">
         <name>.debug_info</name>
         <load_address>0x3a15</load_address>
         <run_address>0x3a15</run_address>
         <size>0x17c</size>
         <input_file_ref idref="fl-45"/>
      </object_component>
      <object_component id="oc-3df">
         <name>.debug_info</name>
         <load_address>0x3b91</load_address>
         <run_address>0x3b91</run_address>
         <size>0x1b0</size>
         <input_file_ref idref="fl-46"/>
      </object_component>
      <object_component id="oc-36a">
         <name>.debug_info</name>
         <load_address>0x3d41</load_address>
         <run_address>0x3d41</run_address>
         <size>0x176</size>
         <input_file_ref idref="fl-47"/>
      </object_component>
      <object_component id="oc-3ed">
         <name>.debug_info</name>
         <load_address>0x3eb7</load_address>
         <run_address>0x3eb7</run_address>
         <size>0x1b0</size>
         <input_file_ref idref="fl-48"/>
      </object_component>
      <object_component id="oc-363">
         <name>.debug_info</name>
         <load_address>0x4067</load_address>
         <run_address>0x4067</run_address>
         <size>0x166</size>
         <input_file_ref idref="fl-49"/>
      </object_component>
      <object_component id="oc-476">
         <name>.debug_info</name>
         <load_address>0x41cd</load_address>
         <run_address>0x41cd</run_address>
         <size>0x166</size>
         <input_file_ref idref="fl-4a"/>
      </object_component>
      <object_component id="oc-3e5">
         <name>.debug_info</name>
         <load_address>0x4333</load_address>
         <run_address>0x4333</run_address>
         <size>0x1f3</size>
         <input_file_ref idref="fl-4a"/>
      </object_component>
      <object_component id="oc-342">
         <name>.debug_info</name>
         <load_address>0x4526</load_address>
         <run_address>0x4526</run_address>
         <size>0x166</size>
         <input_file_ref idref="fl-4b"/>
      </object_component>
      <object_component id="oc-45b">
         <name>.debug_info</name>
         <load_address>0x468c</load_address>
         <run_address>0x468c</run_address>
         <size>0x166</size>
         <input_file_ref idref="fl-4c"/>
      </object_component>
      <object_component id="oc-3c6">
         <name>.debug_info</name>
         <load_address>0x47f2</load_address>
         <run_address>0x47f2</run_address>
         <size>0x1c1</size>
         <input_file_ref idref="fl-4c"/>
      </object_component>
      <object_component id="oc-3d5">
         <name>.debug_info</name>
         <load_address>0x49b3</load_address>
         <run_address>0x49b3</run_address>
         <size>0x192</size>
         <input_file_ref idref="fl-4d"/>
      </object_component>
      <object_component id="oc-34b">
         <name>.debug_info</name>
         <load_address>0x4b45</load_address>
         <run_address>0x4b45</run_address>
         <size>0x295</size>
         <input_file_ref idref="fl-4d"/>
      </object_component>
      <object_component id="oc-3d0">
         <name>.debug_info</name>
         <load_address>0x4dda</load_address>
         <run_address>0x4dda</run_address>
         <size>0x244</size>
         <input_file_ref idref="fl-4e"/>
      </object_component>
      <object_component id="oc-4ce">
         <name>.debug_info</name>
         <load_address>0x501e</load_address>
         <run_address>0x501e</run_address>
         <size>0x130</size>
         <input_file_ref idref="fl-50"/>
      </object_component>
      <object_component id="oc-4c6">
         <name>.debug_info</name>
         <load_address>0x514e</load_address>
         <run_address>0x514e</run_address>
         <size>0x130</size>
         <input_file_ref idref="fl-52"/>
      </object_component>
      <object_component id="oc-45e">
         <name>.debug_info</name>
         <load_address>0x527e</load_address>
         <run_address>0x527e</run_address>
         <size>0x132</size>
         <input_file_ref idref="fl-54"/>
      </object_component>
      <object_component id="oc-462">
         <name>.debug_info</name>
         <load_address>0x53b0</load_address>
         <run_address>0x53b0</run_address>
         <size>0x136</size>
         <input_file_ref idref="fl-56"/>
      </object_component>
      <object_component id="oc-376">
         <name>.debug_info</name>
         <load_address>0x54e6</load_address>
         <run_address>0x54e6</run_address>
         <size>0x163</size>
         <input_file_ref idref="fl-59"/>
      </object_component>
      <object_component id="oc-452">
         <name>.debug_info</name>
         <load_address>0x5649</load_address>
         <run_address>0x5649</run_address>
         <size>0x126</size>
         <input_file_ref idref="fl-5a"/>
      </object_component>
      <object_component id="oc-400">
         <name>.debug_info</name>
         <load_address>0x576f</load_address>
         <run_address>0x576f</run_address>
         <size>0x188</size>
         <input_file_ref idref="fl-5b"/>
      </object_component>
      <object_component id="oc-4ca">
         <name>.debug_info</name>
         <load_address>0x58f7</load_address>
         <run_address>0x58f7</run_address>
         <size>0x126</size>
         <input_file_ref idref="fl-5c"/>
      </object_component>
      <object_component id="oc-3fc">
         <name>.debug_info</name>
         <load_address>0x5a1d</load_address>
         <run_address>0x5a1d</run_address>
         <size>0x188</size>
         <input_file_ref idref="fl-5d"/>
      </object_component>
      <object_component id="oc-471">
         <name>.debug_info</name>
         <load_address>0x5ba5</load_address>
         <run_address>0x5ba5</run_address>
         <size>0x120</size>
         <input_file_ref idref="fl-5e"/>
      </object_component>
      <object_component id="oc-457">
         <name>.debug_info</name>
         <load_address>0x5cc5</load_address>
         <run_address>0x5cc5</run_address>
         <size>0x126</size>
         <input_file_ref idref="fl-5e"/>
      </object_component>
      <object_component id="oc-469">
         <name>.debug_info</name>
         <load_address>0x5deb</load_address>
         <run_address>0x5deb</run_address>
         <size>0x188</size>
         <input_file_ref idref="fl-5f"/>
      </object_component>
      <object_component id="oc-354">
         <name>.debug_info</name>
         <load_address>0x5f73</load_address>
         <run_address>0x5f73</run_address>
         <size>0x1a3</size>
         <input_file_ref idref="fl-60"/>
      </object_component>
      <object_component id="oc-2b6">
         <name>.debug_info</name>
         <load_address>0x6116</load_address>
         <run_address>0x6116</run_address>
         <size>0x100</size>
         <input_file_ref idref="fl-61"/>
      </object_component>
      <object_component id="oc-31f">
         <name>.debug_info</name>
         <load_address>0x6216</load_address>
         <run_address>0x6216</run_address>
         <size>0x193</size>
         <input_file_ref idref="fl-61"/>
      </object_component>
      <object_component id="oc-3b5">
         <name>.debug_info</name>
         <load_address>0x63a9</load_address>
         <run_address>0x63a9</run_address>
         <size>0x115</size>
         <input_file_ref idref="fl-62"/>
      </object_component>
      <object_component id="oc-49f">
         <name>.debug_info</name>
         <load_address>0x64be</load_address>
         <run_address>0x64be</run_address>
         <size>0x409</size>
         <input_file_ref idref="fl-64"/>
      </object_component>
      <object_component id="oc-439">
         <name>.debug_info</name>
         <load_address>0x68c7</load_address>
         <run_address>0x68c7</run_address>
         <size>0x216</size>
         <input_file_ref idref="fl-64"/>
      </object_component>
      <object_component id="oc-4ed">
         <name>.debug_info</name>
         <load_address>0x6add</load_address>
         <run_address>0x6add</run_address>
         <size>0x39</size>
         <input_file_ref idref="fl-64"/>
      </object_component>
      <object_component id="oc-4ff">
         <name>.debug_info</name>
         <load_address>0x6b16</load_address>
         <run_address>0x6b16</run_address>
         <size>0x2c</size>
         <input_file_ref idref="fl-64"/>
      </object_component>
      <object_component id="oc-4aa">
         <name>.debug_info</name>
         <load_address>0x6b42</load_address>
         <run_address>0x6b42</run_address>
         <size>0x2c</size>
         <input_file_ref idref="fl-64"/>
      </object_component>
      <object_component id="oc-4f2">
         <name>.debug_info</name>
         <load_address>0x6b6e</load_address>
         <run_address>0x6b6e</run_address>
         <size>0xcd</size>
         <input_file_ref idref="fl-64"/>
      </object_component>
      <object_component id="oc-49b">
         <name>.debug_info</name>
         <load_address>0x6c3b</load_address>
         <run_address>0x6c3b</run_address>
         <size>0x150</size>
         <input_file_ref idref="fl-65"/>
      </object_component>
      <object_component id="oc-39c">
         <name>.debug_info</name>
         <load_address>0x6d8b</load_address>
         <run_address>0x6d8b</run_address>
         <size>0x153</size>
         <input_file_ref idref="fl-66"/>
      </object_component>
      <object_component id="oc-35f">
         <name>.debug_info</name>
         <load_address>0x6ede</load_address>
         <run_address>0x6ede</run_address>
         <size>0x140</size>
         <input_file_ref idref="fl-67"/>
      </object_component>
      <object_component id="oc-412">
         <name>.debug_info</name>
         <load_address>0x701e</load_address>
         <run_address>0x701e</run_address>
         <size>0x122</size>
         <input_file_ref idref="fl-69"/>
      </object_component>
      <object_component id="oc-58a">
         <name>.debug_info</name>
         <load_address>0x7140</load_address>
         <run_address>0x7140</run_address>
         <size>0xb0</size>
      </object_component>
      <object_component id="oc-3c1">
         <name>.debug_line</name>
         <load_address>0x0</load_address>
         <run_address>0x0</run_address>
         <size>0x69</size>
         <input_file_ref idref="fl-2"/>
      </object_component>
      <object_component id="oc-3cd">
         <name>.debug_line</name>
         <load_address>0x69</load_address>
         <run_address>0x69</run_address>
         <size>0x2d</size>
         <input_file_ref idref="fl-2"/>
      </object_component>
      <object_component id="oc-3c4">
         <name>.debug_line</name>
         <load_address>0x96</load_address>
         <run_address>0x96</run_address>
         <size>0x2d</size>
         <input_file_ref idref="fl-2"/>
      </object_component>
      <object_component id="oc-479">
         <name>.debug_line</name>
         <load_address>0xc3</load_address>
         <run_address>0xc3</run_address>
         <size>0x2d</size>
         <input_file_ref idref="fl-2"/>
      </object_component>
      <object_component id="oc-383">
         <name>.debug_line</name>
         <load_address>0xf0</load_address>
         <run_address>0xf0</run_address>
         <size>0x5c</size>
         <input_file_ref idref="fl-2"/>
      </object_component>
      <object_component id="oc-37e">
         <name>.debug_line</name>
         <load_address>0x14c</load_address>
         <run_address>0x14c</run_address>
         <size>0x72</size>
         <input_file_ref idref="fl-2"/>
      </object_component>
      <object_component id="oc-3a0">
         <name>.debug_line</name>
         <load_address>0x1be</load_address>
         <run_address>0x1be</run_address>
         <size>0x14d</size>
         <input_file_ref idref="fl-2"/>
      </object_component>
      <object_component id="oc-2eb">
         <name>.debug_line</name>
         <load_address>0x30b</load_address>
         <run_address>0x30b</run_address>
         <size>0x5c</size>
         <input_file_ref idref="fl-2"/>
      </object_component>
      <object_component id="oc-2e5">
         <name>.debug_line</name>
         <load_address>0x367</load_address>
         <run_address>0x367</run_address>
         <size>0x49</size>
         <input_file_ref idref="fl-2"/>
      </object_component>
      <object_component id="oc-2dc">
         <name>.debug_line</name>
         <load_address>0x3b0</load_address>
         <run_address>0x3b0</run_address>
         <size>0x45</size>
         <input_file_ref idref="fl-2"/>
      </object_component>
      <object_component id="oc-2f2">
         <name>.debug_line</name>
         <load_address>0x3f5</load_address>
         <run_address>0x3f5</run_address>
         <size>0x5b</size>
         <input_file_ref idref="fl-2"/>
      </object_component>
      <object_component id="oc-2da">
         <name>.debug_line</name>
         <load_address>0x450</load_address>
         <run_address>0x450</run_address>
         <size>0x74</size>
         <input_file_ref idref="fl-2"/>
      </object_component>
      <object_component id="oc-2c2">
         <name>.debug_line</name>
         <load_address>0x4c4</load_address>
         <run_address>0x4c4</run_address>
         <size>0x20</size>
         <input_file_ref idref="fl-2"/>
      </object_component>
      <object_component id="oc-73">
         <name>.debug_line</name>
         <load_address>0x4e4</load_address>
         <run_address>0x4e4</run_address>
         <size>0x9d</size>
         <input_file_ref idref="fl-29"/>
      </object_component>
      <object_component id="oc-3be">
         <name>.debug_line</name>
         <load_address>0x581</load_address>
         <run_address>0x581</run_address>
         <size>0x9a</size>
         <input_file_ref idref="fl-29"/>
      </object_component>
      <object_component id="oc-334">
         <name>.debug_line</name>
         <load_address>0x61b</load_address>
         <run_address>0x61b</run_address>
         <size>0x96</size>
         <input_file_ref idref="fl-29"/>
      </object_component>
      <object_component id="oc-2bd">
         <name>.debug_line</name>
         <load_address>0x6b1</load_address>
         <run_address>0x6b1</run_address>
         <size>0x3a</size>
         <input_file_ref idref="fl-29"/>
      </object_component>
      <object_component id="oc-338">
         <name>.debug_line</name>
         <load_address>0x6eb</load_address>
         <run_address>0x6eb</run_address>
         <size>0x3a</size>
         <input_file_ref idref="fl-2a"/>
      </object_component>
      <object_component id="oc-79">
         <name>.debug_line</name>
         <load_address>0x725</load_address>
         <run_address>0x725</run_address>
         <size>0x50</size>
         <input_file_ref idref="fl-2a"/>
      </object_component>
      <object_component id="oc-2cd">
         <name>.debug_line</name>
         <load_address>0x775</load_address>
         <run_address>0x775</run_address>
         <size>0x3a</size>
         <input_file_ref idref="fl-2a"/>
      </object_component>
      <object_component id="oc-2d4">
         <name>.debug_line</name>
         <load_address>0x7af</load_address>
         <run_address>0x7af</run_address>
         <size>0x3d</size>
         <input_file_ref idref="fl-2c"/>
      </object_component>
      <object_component id="oc-2f5">
         <name>.debug_line</name>
         <load_address>0x7ec</load_address>
         <run_address>0x7ec</run_address>
         <size>0x53</size>
         <input_file_ref idref="fl-3f"/>
      </object_component>
      <object_component id="oc-396">
         <name>.debug_line</name>
         <load_address>0x83f</load_address>
         <run_address>0x83f</run_address>
         <size>0x34</size>
         <input_file_ref idref="fl-3f"/>
      </object_component>
      <object_component id="oc-2c8">
         <name>.debug_line</name>
         <load_address>0x873</load_address>
         <run_address>0x873</run_address>
         <size>0x52</size>
         <input_file_ref idref="fl-40"/>
      </object_component>
      <object_component id="oc-47d">
         <name>.debug_line</name>
         <load_address>0x8c5</load_address>
         <run_address>0x8c5</run_address>
         <size>0x20</size>
         <input_file_ref idref="fl-41"/>
      </object_component>
      <object_component id="oc-390">
         <name>.debug_line</name>
         <load_address>0x8e5</load_address>
         <run_address>0x8e5</run_address>
         <size>0x17f</size>
         <input_file_ref idref="fl-41"/>
      </object_component>
      <object_component id="oc-373">
         <name>.debug_line</name>
         <load_address>0xa64</load_address>
         <run_address>0xa64</run_address>
         <size>0x75</size>
         <input_file_ref idref="fl-42"/>
      </object_component>
      <object_component id="oc-3d9">
         <name>.debug_line</name>
         <load_address>0xad9</load_address>
         <run_address>0xad9</run_address>
         <size>0x2e</size>
         <input_file_ref idref="fl-42"/>
      </object_component>
      <object_component id="oc-4d5">
         <name>.debug_line</name>
         <load_address>0xb07</load_address>
         <run_address>0xb07</run_address>
         <size>0x2d</size>
         <input_file_ref idref="fl-43"/>
      </object_component>
      <object_component id="oc-40d">
         <name>.debug_line</name>
         <load_address>0xb34</load_address>
         <run_address>0xb34</run_address>
         <size>0xe9</size>
         <input_file_ref idref="fl-43"/>
      </object_component>
      <object_component id="oc-508">
         <name>.debug_line</name>
         <load_address>0xc1d</load_address>
         <run_address>0xc1d</run_address>
         <size>0x20</size>
         <input_file_ref idref="fl-44"/>
      </object_component>
      <object_component id="oc-47f">
         <name>.debug_line</name>
         <load_address>0xc3d</load_address>
         <run_address>0xc3d</run_address>
         <size>0xd8</size>
         <input_file_ref idref="fl-44"/>
      </object_component>
      <object_component id="oc-35a">
         <name>.debug_line</name>
         <load_address>0xd15</load_address>
         <run_address>0xd15</run_address>
         <size>0x3d</size>
         <input_file_ref idref="fl-45"/>
      </object_component>
      <object_component id="oc-3dd">
         <name>.debug_line</name>
         <load_address>0xd52</load_address>
         <run_address>0xd52</run_address>
         <size>0x59</size>
         <input_file_ref idref="fl-46"/>
      </object_component>
      <object_component id="oc-369">
         <name>.debug_line</name>
         <load_address>0xdab</load_address>
         <run_address>0xdab</run_address>
         <size>0x3d</size>
         <input_file_ref idref="fl-47"/>
      </object_component>
      <object_component id="oc-3ec">
         <name>.debug_line</name>
         <load_address>0xde8</load_address>
         <run_address>0xde8</run_address>
         <size>0x5a</size>
         <input_file_ref idref="fl-48"/>
      </object_component>
      <object_component id="oc-366">
         <name>.debug_line</name>
         <load_address>0xe42</load_address>
         <run_address>0xe42</run_address>
         <size>0x3d</size>
         <input_file_ref idref="fl-49"/>
      </object_component>
      <object_component id="oc-4c2">
         <name>.debug_line</name>
         <load_address>0xe7f</load_address>
         <run_address>0xe7f</run_address>
         <size>0x20</size>
         <input_file_ref idref="fl-4a"/>
      </object_component>
      <object_component id="oc-3e8">
         <name>.debug_line</name>
         <load_address>0xe9f</load_address>
         <run_address>0xe9f</run_address>
         <size>0x7c</size>
         <input_file_ref idref="fl-4a"/>
      </object_component>
      <object_component id="oc-346">
         <name>.debug_line</name>
         <load_address>0xf1b</load_address>
         <run_address>0xf1b</run_address>
         <size>0x3d</size>
         <input_file_ref idref="fl-4b"/>
      </object_component>
      <object_component id="oc-4bc">
         <name>.debug_line</name>
         <load_address>0xf58</load_address>
         <run_address>0xf58</run_address>
         <size>0x20</size>
         <input_file_ref idref="fl-4c"/>
      </object_component>
      <object_component id="oc-3c9">
         <name>.debug_line</name>
         <load_address>0xf78</load_address>
         <run_address>0xf78</run_address>
         <size>0x71</size>
         <input_file_ref idref="fl-4c"/>
      </object_component>
      <object_component id="oc-46e">
         <name>.debug_line</name>
         <load_address>0xfe9</load_address>
         <run_address>0xfe9</run_address>
         <size>0x2d</size>
         <input_file_ref idref="fl-4d"/>
      </object_component>
      <object_component id="oc-34e">
         <name>.debug_line</name>
         <load_address>0x1016</load_address>
         <run_address>0x1016</run_address>
         <size>0xec</size>
         <input_file_ref idref="fl-4d"/>
      </object_component>
      <object_component id="oc-3cf">
         <name>.debug_line</name>
         <load_address>0x1102</load_address>
         <run_address>0x1102</run_address>
         <size>0x65</size>
         <input_file_ref idref="fl-4e"/>
      </object_component>
      <object_component id="oc-4d1">
         <name>.debug_line</name>
         <load_address>0x1167</load_address>
         <run_address>0x1167</run_address>
         <size>0x46</size>
         <input_file_ref idref="fl-50"/>
      </object_component>
      <object_component id="oc-4c4">
         <name>.debug_line</name>
         <load_address>0x11ad</load_address>
         <run_address>0x11ad</run_address>
         <size>0x49</size>
         <input_file_ref idref="fl-52"/>
      </object_component>
      <object_component id="oc-460">
         <name>.debug_line</name>
         <load_address>0x11f6</load_address>
         <run_address>0x11f6</run_address>
         <size>0x5a</size>
         <input_file_ref idref="fl-54"/>
      </object_component>
      <object_component id="oc-465">
         <name>.debug_line</name>
         <load_address>0x1250</load_address>
         <run_address>0x1250</run_address>
         <size>0x50</size>
         <input_file_ref idref="fl-56"/>
      </object_component>
      <object_component id="oc-375">
         <name>.debug_line</name>
         <load_address>0x12a0</load_address>
         <run_address>0x12a0</run_address>
         <size>0x49</size>
         <input_file_ref idref="fl-59"/>
      </object_component>
      <object_component id="oc-451">
         <name>.debug_line</name>
         <load_address>0x12e9</load_address>
         <run_address>0x12e9</run_address>
         <size>0x56</size>
         <input_file_ref idref="fl-5a"/>
      </object_component>
      <object_component id="oc-403">
         <name>.debug_line</name>
         <load_address>0x133f</load_address>
         <run_address>0x133f</run_address>
         <size>0x53</size>
         <input_file_ref idref="fl-5b"/>
      </object_component>
      <object_component id="oc-4c9">
         <name>.debug_line</name>
         <load_address>0x1392</load_address>
         <run_address>0x1392</run_address>
         <size>0x56</size>
         <input_file_ref idref="fl-5c"/>
      </object_component>
      <object_component id="oc-3fe">
         <name>.debug_line</name>
         <load_address>0x13e8</load_address>
         <run_address>0x13e8</run_address>
         <size>0x53</size>
         <input_file_ref idref="fl-5d"/>
      </object_component>
      <object_component id="oc-473">
         <name>.debug_line</name>
         <load_address>0x143b</load_address>
         <run_address>0x143b</run_address>
         <size>0x41</size>
         <input_file_ref idref="fl-5e"/>
      </object_component>
      <object_component id="oc-459">
         <name>.debug_line</name>
         <load_address>0x147c</load_address>
         <run_address>0x147c</run_address>
         <size>0x56</size>
         <input_file_ref idref="fl-5e"/>
      </object_component>
      <object_component id="oc-46b">
         <name>.debug_line</name>
         <load_address>0x14d2</load_address>
         <run_address>0x14d2</run_address>
         <size>0x53</size>
         <input_file_ref idref="fl-5f"/>
      </object_component>
      <object_component id="oc-352">
         <name>.debug_line</name>
         <load_address>0x1525</load_address>
         <run_address>0x1525</run_address>
         <size>0x4b</size>
         <input_file_ref idref="fl-60"/>
      </object_component>
      <object_component id="oc-330">
         <name>.debug_line</name>
         <load_address>0x1570</load_address>
         <run_address>0x1570</run_address>
         <size>0x2a</size>
         <input_file_ref idref="fl-61"/>
      </object_component>
      <object_component id="oc-31e">
         <name>.debug_line</name>
         <load_address>0x159a</load_address>
         <run_address>0x159a</run_address>
         <size>0x4b</size>
         <input_file_ref idref="fl-61"/>
      </object_component>
      <object_component id="oc-3b3">
         <name>.debug_line</name>
         <load_address>0x15e5</load_address>
         <run_address>0x15e5</run_address>
         <size>0x4e</size>
         <input_file_ref idref="fl-62"/>
      </object_component>
      <object_component id="oc-4ec">
         <name>.debug_line</name>
         <load_address>0x1633</load_address>
         <run_address>0x1633</run_address>
         <size>0xbf</size>
         <input_file_ref idref="fl-64"/>
      </object_component>
      <object_component id="oc-438">
         <name>.debug_line</name>
         <load_address>0x16f2</load_address>
         <run_address>0x16f2</run_address>
         <size>0x84</size>
         <input_file_ref idref="fl-64"/>
      </object_component>
      <object_component id="oc-4f0">
         <name>.debug_line</name>
         <load_address>0x1776</load_address>
         <run_address>0x1776</run_address>
         <size>0x2e</size>
         <input_file_ref idref="fl-64"/>
      </object_component>
      <object_component id="oc-502">
         <name>.debug_line</name>
         <load_address>0x17a4</load_address>
         <run_address>0x17a4</run_address>
         <size>0x9a</size>
         <input_file_ref idref="fl-64"/>
      </object_component>
      <object_component id="oc-4ad">
         <name>.debug_line</name>
         <load_address>0x183e</load_address>
         <run_address>0x183e</run_address>
         <size>0x97</size>
         <input_file_ref idref="fl-64"/>
      </object_component>
      <object_component id="oc-4f5">
         <name>.debug_line</name>
         <load_address>0x18d5</load_address>
         <run_address>0x18d5</run_address>
         <size>0x93</size>
         <input_file_ref idref="fl-64"/>
      </object_component>
      <object_component id="oc-49d">
         <name>.debug_line</name>
         <load_address>0x1968</load_address>
         <run_address>0x1968</run_address>
         <size>0x3a</size>
         <input_file_ref idref="fl-65"/>
      </object_component>
      <object_component id="oc-39a">
         <name>.debug_line</name>
         <load_address>0x19a2</load_address>
         <run_address>0x19a2</run_address>
         <size>0x3e</size>
         <input_file_ref idref="fl-66"/>
      </object_component>
      <object_component id="oc-35e">
         <name>.debug_line</name>
         <load_address>0x19e0</load_address>
         <run_address>0x19e0</run_address>
         <size>0x3c</size>
         <input_file_ref idref="fl-67"/>
      </object_component>
      <object_component id="oc-416">
         <name>.debug_line</name>
         <load_address>0x1a1c</load_address>
         <run_address>0x1a1c</run_address>
         <size>0x3d</size>
         <input_file_ref idref="fl-69"/>
      </object_component>
      <object_component id="oc-387">
         <name>.debug_frame</name>
         <load_address>0x0</load_address>
         <run_address>0x0</run_address>
         <size>0x3c</size>
         <input_file_ref idref="fl-2"/>
      </object_component>
      <object_component id="oc-37f">
         <name>.debug_frame</name>
         <load_address>0x3c</load_address>
         <run_address>0x3c</run_address>
         <size>0x3c</size>
         <input_file_ref idref="fl-2"/>
      </object_component>
      <object_component id="oc-3a4">
         <name>.debug_frame</name>
         <load_address>0x78</load_address>
         <run_address>0x78</run_address>
         <size>0x50</size>
         <input_file_ref idref="fl-2"/>
      </object_component>
      <object_component id="oc-2ec">
         <name>.debug_frame</name>
         <load_address>0xc8</load_address>
         <run_address>0xc8</run_address>
         <size>0x44</size>
         <input_file_ref idref="fl-2"/>
      </object_component>
      <object_component id="oc-2e6">
         <name>.debug_frame</name>
         <load_address>0x10c</load_address>
         <run_address>0x10c</run_address>
         <size>0x4c</size>
         <input_file_ref idref="fl-2"/>
      </object_component>
      <object_component id="oc-2e0">
         <name>.debug_frame</name>
         <load_address>0x158</load_address>
         <run_address>0x158</run_address>
         <size>0x3c</size>
         <input_file_ref idref="fl-2"/>
      </object_component>
      <object_component id="oc-2f1">
         <name>.debug_frame</name>
         <load_address>0x194</load_address>
         <run_address>0x194</run_address>
         <size>0x54</size>
         <input_file_ref idref="fl-2"/>
      </object_component>
      <object_component id="oc-2d9">
         <name>.debug_frame</name>
         <load_address>0x1e8</load_address>
         <run_address>0x1e8</run_address>
         <size>0x68</size>
         <input_file_ref idref="fl-2"/>
      </object_component>
      <object_component id="oc-72">
         <name>.debug_frame</name>
         <load_address>0x250</load_address>
         <run_address>0x250</run_address>
         <size>0x6c</size>
         <input_file_ref idref="fl-29"/>
      </object_component>
      <object_component id="oc-76">
         <name>.debug_frame</name>
         <load_address>0x2bc</load_address>
         <run_address>0x2bc</run_address>
         <size>0x48</size>
         <input_file_ref idref="fl-2a"/>
      </object_component>
      <object_component id="oc-2f4">
         <name>.debug_frame</name>
         <load_address>0x304</load_address>
         <run_address>0x304</run_address>
         <size>0x44</size>
         <input_file_ref idref="fl-3f"/>
      </object_component>
      <object_component id="oc-38f">
         <name>.debug_frame</name>
         <load_address>0x348</load_address>
         <run_address>0x348</run_address>
         <size>0x68</size>
         <input_file_ref idref="fl-41"/>
      </object_component>
      <object_component id="oc-36f">
         <name>.debug_frame</name>
         <load_address>0x3b0</load_address>
         <run_address>0x3b0</run_address>
         <size>0x48</size>
         <input_file_ref idref="fl-42"/>
      </object_component>
      <object_component id="oc-40c">
         <name>.debug_frame</name>
         <load_address>0x3f8</load_address>
         <run_address>0x3f8</run_address>
         <size>0x54</size>
         <input_file_ref idref="fl-43"/>
      </object_component>
      <object_component id="oc-483">
         <name>.debug_frame</name>
         <load_address>0x44c</load_address>
         <run_address>0x44c</run_address>
         <size>0x70</size>
         <input_file_ref idref="fl-44"/>
      </object_component>
      <object_component id="oc-35b">
         <name>.debug_frame</name>
         <load_address>0x4bc</load_address>
         <run_address>0x4bc</run_address>
         <size>0x40</size>
         <input_file_ref idref="fl-45"/>
      </object_component>
      <object_component id="oc-3de">
         <name>.debug_frame</name>
         <load_address>0x4fc</load_address>
[...]
         <name>Kd</name>
         <value>0xc2b0</value>
         <object_component_ref idref="oc-347"/>
      </symbol>
      <symbol id="sm-336">
         <name>USCI_A1_ISR</name>
         <value>0xe112</value>
         <object_component_ref idref="oc-2e7"/>
      </symbol>
      <symbol id="sm-337">
         <name>rxIndex</name>
         <value>0x1d82</value>
         <object_component_ref idref="oc-33e"/>
      </symbol>
      <symbol id="sm-338">
         <name>xGoal</name>
         <value>0x1da0</value>
         <object_component_ref idref="oc-33e"/>
      </symbol>
      <symbol id="sm-339">
         <name>locErrorTolerance</name>
         <value>0xc300</value>
         <object_component_ref idref="oc-347"/>
      </symbol>
      <symbol id="sm-33a">
         <name>halfStepLookupTable</name>
         <value>0x1d34</value>
         <object_component_ref idref="oc-3f5"/>
      </symbol>
      <symbol id="sm-33b">
         <name>updateStepperCoils</name>
         <value>0xde90</value>
         <object_component_ref idref="oc-382"/>
      </symbol>
      <symbol id="sm-33c">
         <name>main</name>
         <value>0xcb2a</value>
         <object_component_ref idref="oc-39f"/>
      </symbol>
      <symbol id="sm-33d">
         <name>head</name>
         <value>0x1d74</value>
         <object_component_ref idref="oc-33e"/>
      </symbol>
      <symbol id="sm-33e">
         <name>yControlFlag</name>
         <value>0x1d92</value>
         <object_component_ref idref="oc-33e"/>
      </symbol>
      <symbol id="sm-33f">
         <name>contStepperMode</name>
         <value>0x1d88</value>
         <object_component_ref idref="oc-33e"/>
      </symbol>
      <symbol id="sm-340">
         <name>stepperStateChange</name>
         <value>0x1d86</value>
         <object_component_ref idref="oc-33e"/>
      </symbol>
      <symbol id="sm-341">
         <name>encoderCount</name>
         <value>0x1d9e</value>
         <object_component_ref idref="oc-33e"/>
      </symbol>
      <symbol id="sm-342">
         <name>TriggerTimer</name>
         <value>0xdf0a</value>
         <object_component_ref idref="oc-2ed"/>
      </symbol>
      <symbol id="sm-343">
         <name>errorTimerMult</name>
         <value>0xc2f0</value>
         <object_component_ref idref="oc-347"/>
      </symbol>
      <symbol id="sm-344">
         <name>transmitPackage</name>
         <value>0xe16a</value>
         <object_component_ref idref="oc-37a"/>
      </symbol>
      <symbol id="sm-345">
         <name>xStep</name>
         <value>0x1d96</value>
         <object_component_ref idref="oc-33e"/>
      </symbol>
      <symbol id="sm-346">
         <name>xControlFlag</name>
         <value>0x1d8c</value>
         <object_component_ref idref="oc-33e"/>
      </symbol>
      <symbol id="sm-347">
         <name>fiveMSscale</name>
         <value>0xc2a0</value>
         <object_component_ref idref="oc-347"/>
      </symbol>
      <symbol id="sm-348">
         <name>length</name>
         <value>0x1d78</value>
         <object_component_ref idref="oc-33e"/>
      </symbol>
      <symbol id="sm-349">
         <name>yLoc</name>
         <value>0x1d94</value>
         <object_component_ref idref="oc-33e"/>
      </symbol>
      <symbol id="sm-34a">
         <name>TurnOnStepperPhases</name>
         <value>0xe50e</value>
         <object_component_ref idref="oc-2e1"/>
      </symbol>
      <symbol id="sm-34b">
         <name>tau</name>
         <value>0xc2d0</value>
         <object_component_ref idref="oc-347"/>
      </symbol>
      <symbol id="sm-36c">
         <name>__TI_decompress_lzss</name>
         <value>0xdbac</value>
         <object_component_ref idref="oc-6e"/>
      </symbol>
      <symbol id="sm-37d">
         <name>__TI_decompress_none</name>
         <value>0xe334</value>
         <object_component_ref idref="oc-74"/>
      </symbol>
      <symbol id="sm-380">
         <name>__TI_int31</name>
         <value>0xffce</value>
         <object_component_ref idref="oc-7a"/>
      </symbol>
      <symbol id="sm-388">
         <name>__TI_ISR_TRAP</name>
         <value>0xe56c</value>
         <object_component_ref idref="oc-2d0"/>
      </symbol>
      <symbol id="sm-38b">
         <name>__TI_int32</name>
         <value>0xffd0</value>
         <object_component_ref idref="oc-7b"/>
      </symbol>
      <symbol id="sm-38e">
         <name>__TI_int33</name>
         <value>0xffd2</value>
         <object_component_ref idref="oc-7c"/>
      </symbol>
      <symbol id="sm-391">
         <name>__TI_int35</name>
         <value>0xffd6</value>
         <object_component_ref idref="oc-7e"/>
      </symbol>
      <symbol id="sm-394">
         <name>__TI_int36</name>
         <value>0xffd8</value>
         <object_component_ref idref="oc-7f"/>
      </symbol>
      <symbol id="sm-397">
         <name>__TI_int39</name>
         <value>0xffde</value>
         <object_component_ref idref="oc-82"/>
      </symbol>
      <symbol id="sm-39a">
         <name>__TI_int40</name>
         <value>0xffe0</value>
         <object_component_ref idref="oc-83"/>
      </symbol>
      <symbol id="sm-39d">
         <name>__TI_int41</name>
         <value>0xffe2</value>
         <object_component_ref idref="oc-84"/>
      </symbol>
      <symbol id="sm-3a0">
         <name>__TI_int42</name>
         <value>0xffe4</value>
         <object_component_ref idref="oc-85"/>
      </symbol>
      <symbol id="sm-3a3">
         <name>__TI_int44</name>
         <value>0xffe8</value>
         <object_component_ref idref="oc-87"/>
      </symbol>
      <symbol id="sm-3a6">
         <name>__TI_int45</name>
         <value>0xffea</value>
         <object_component_ref idref="oc-88"/>
      </symbol>
      <symbol id="sm-3a9">
         <name>__TI_int46</name>
         <value>0xffec</value>
         <object_component_ref idref="oc-89"/>
      </symbol>
      <symbol id="sm-3ac">
         <name>__TI_int47</name>
         <value>0xffee</value>
         <object_component_ref idref="oc-8a"/>
      </symbol>
      <symbol id="sm-3af">
         <name>__TI_int48</name>
         <value>0xfff0</value>
         <object_component_ref idref="oc-8b"/>
      </symbol>
      <symbol id="sm-3b2">
         <name>__TI_int49</name>
         <value>0xfff2</value>
         <object_component_ref idref="oc-8c"/>
      </symbol>
      <symbol id="sm-3b5">
         <name>__TI_int50</name>
         <value>0xfff4</value>
         <object_component_ref idref="oc-8d"/>
      </symbol>
      <symbol id="sm-3b8">
         <name>__TI_int52</name>
         <value>0xfff8</value>
         <object_component_ref idref="oc-8f"/>
      </symbol>
      <symbol id="sm-3bb">
         <name>__TI_int53</name>
         <value>0xfffa</value>
         <object_component_ref idref="oc-90"/>
      </symbol>
      <symbol id="sm-3be">
         <name>__TI_int54</name>
         <value>0xfffc</value>
         <object_component_ref idref="oc-91"/>
      </symbol>
      <symbol id="sm-3ce">
         <name>__TI_zero_init_nomemset</name>
         <value>0xe23c</value>
         <object_component_ref idref="oc-2f3"/>
      </symbol>
      <symbol id="sm-3d9">
         <name>__memcpy_far</name>
         <value>0xe1bc</value>
         <object_component_ref idref="oc-2c4"/>
      </symbol>
      <symbol id="sm-413">
         <name>__mspabi_addd</name>
         <value>0xc400</value>
         <object_component_ref idref="oc-38b"/>
      </symbol>
      <symbol id="sm-432">
         <name>__mspabi_cmpd</name>
         <value>0xdc9a</value>
         <object_component_ref idref="oc-36e"/>
      </symbol>
      <symbol id="sm-453">
         <name>__mspabi_divd</name>
         <value>0xd6c0</value>
         <object_component_ref idref="oc-408"/>
      </symbol>
      <symbol id="sm-46e">
         <name>__TI_frcdivd</name>
         <value>0xcfc2</value>
         <object_component_ref idref="oc-47e"/>
      </symbol>
      <symbol id="sm-47b">
         <name>__mspabi_fixdi</name>
         <value>0xe468</value>
         <object_component_ref idref="oc-356"/>
      </symbol>
      <symbol id="sm-48a">
         <name>__mspabi_fixdli</name>
         <value>0xe050</value>
         <object_component_ref idref="oc-3dc"/>
      </symbol>
      <symbol id="sm-495">
         <name>__mspabi_fixdu</name>
         <value>0xe522</value>
         <object_component_ref idref="oc-368"/>
      </symbol>
      <symbol id="sm-4a5">
         <name>__mspabi_fixdul</name>
         <value>0xdfe8</value>
         <object_component_ref idref="oc-3eb"/>
      </symbol>
      <symbol id="sm-4ae">
         <name>__mspabi_fltid</name>
         <value>0xe556</value>
         <object_component_ref idref="oc-362"/>
      </symbol>
      <symbol id="sm-4c6">
         <name>__mspabi_fltlid</name>
         <value>0xdd72</value>
         <object_component_ref idref="oc-3e4"/>
      </symbol>
      <symbol id="sm-4cf">
         <name>__mspabi_fltud</name>
         <value>0xe574</value>
         <object_component_ref idref="oc-341"/>
      </symbol>
      <symbol id="sm-4e4">
         <name>__mspabi_fltuld</name>
         <value>0xde10</value>
         <object_component_ref idref="oc-3c5"/>
      </symbol>
      <symbol id="sm-50a">
         <name>__mspabi_mpyd</name>
         <value>0xd428</value>
         <object_component_ref idref="oc-34a"/>
      </symbol>
      <symbol id="sm-515">
         <name>__TI_frcmpyd</name>
         <value>0xda48</value>
         <object_component_ref idref="oc-3ce"/>
      </symbol>
      <symbol id="sm-51e">
         <name>__mspabi_mpyi_f5hw</name>
         <value>0xe4f6</value>
         <object_component_ref idref="oc-4cd"/>
      </symbol>
      <symbol id="sm-527">
         <name>__mspabi_mpyl_f5hw</name>
         <value>0xe490</value>
         <object_component_ref idref="oc-4c3"/>
      </symbol>
      <symbol id="sm-530">
         <name>__mspabi_mpyll_f5hw</name>
         <value>0xe0b6</value>
         <object_component_ref idref="oc-45c"/>
      </symbol>
      <symbol id="sm-539">
         <name>__mspabi_mpyull_f5hw</name>
         <value>0xe412</value>
         <object_component_ref idref="oc-461"/>
      </symbol>
      <symbol id="sm-544">
         <name>__mspabi_negd</name>
         <value>0xe43e</value>
         <object_component_ref idref="oc-374"/>
      </symbol>
      <symbol id="sm-54c">
         <name>__mspabi_slll_9</name>
         <value>0xe2d0</value>
         <object_component_ref idref="oc-450"/>
      </symbol>
      <symbol id="sm-54d">
         <name>__mspabi_slll_8</name>
         <value>0xe2d4</value>
         <object_component_ref idref="oc-450"/>
      </symbol>
      <symbol id="sm-54e">
         <name>__mspabi_slll_7</name>
         <value>0xe2d8</value>
         <object_component_ref idref="oc-450"/>
      </symbol>
      <symbol id="sm-54f">
         <name>__mspabi_slll_6</name>
         <value>0xe2dc</value>
         <object_component_ref idref="oc-450"/>
      </symbol>
      <symbol id="sm-550">
         <name>__mspabi_slll_5</name>
         <value>0xe2e0</value>
         <object_component_ref idref="oc-450"/>
      </symbol>
      <symbol id="sm-551">
         <name>__mspabi_slll_4</name>
         <value>0xe2e4</value>
         <object_component_ref idref="oc-450"/>
      </symbol>
      <symbol id="sm-552">
         <name>__mspabi_slll_3</name>
         <value>0xe2e8</value>
         <object_component_ref idref="oc-450"/>
      </symbol>
      <symbol id="sm-553">
         <name>__mspabi_slll_2</name>
         <value>0xe2ec</value>
         <object_component_ref idref="oc-450"/>
      </symbol>
      <symbol id="sm-554">
         <name>__mspabi_slll_1</name>
         <value>0xe2f0</value>
         <object_component_ref idref="oc-450"/>
      </symbol>
      <symbol id="sm-555">
         <name>__mspabi_slll_15</name>
         <value>0xe2b8</value>
         <object_component_ref idref="oc-450"/>
      </symbol>
      <symbol id="sm-556">
         <name>__mspabi_slll_14</name>
         <value>0xe2bc</value>
         <object_component_ref idref="oc-450"/>
      </symbol>
      <symbol id="sm-557">
         <name>__mspabi_slll_13</name>
         <value>0xe2c0</value>
         <object_component_ref idref="oc-450"/>
      </symbol>
      <symbol id="sm-558">
         <name>__mspabi_slll_12</name>
         <value>0xe2c4</value>
         <object_component_ref idref="oc-450"/>
      </symbol>
      <symbol id="sm-559">
         <name>__mspabi_slll_11</name>
         <value>0xe2c8</value>
         <object_component_ref idref="oc-450"/>
      </symbol>
      <symbol id="sm-55a">
         <name>__mspabi_slll_10</name>
         <value>0xe2cc</value>
         <object_component_ref idref="oc-450"/>
      </symbol>
      <symbol id="sm-567">
         <name>__mspabi_sllll</name>
         <value>0xe370</value>
         <object_component_ref idref="oc-3ff"/>
      </symbol>
      <symbol id="sm-56f">
         <name>__mspabi_sral_15</name>
         <value>0xe27a</value>
         <object_component_ref idref="oc-4c8"/>
      </symbol>
      <symbol id="sm-570">
         <name>__mspabi_sral_14</name>
         <value>0xe27e</value>
         <object_component_ref idref="oc-4c8"/>
      </symbol>
      <symbol id="sm-571">
         <name>__mspabi_sral_13</name>
         <value>0xe282</value>
         <object_component_ref idref="oc-4c8"/>
      </symbol>
      <symbol id="sm-572">
         <name>__mspabi_sral_12</name>
         <value>0xe286</value>
         <object_component_ref idref="oc-4c8"/>
      </symbol>
      <symbol id="sm-573">
         <name>__mspabi_sral_11</name>
         <value>0xe28a</value>
         <object_component_ref idref="oc-4c8"/>
      </symbol>
      <symbol id="sm-574">
         <name>__mspabi_sral_10</name>
         <value>0xe28e</value>
         <object_component_ref idref="oc-4c8"/>
      </symbol>
      <symbol id="sm-575">
         <name>__mspabi_sral_8</name>
         <value>0xe296</value>
         <object_component_ref idref="oc-4c8"/>
      </symbol>
      <symbol id="sm-576">
         <name>__mspabi_sral_9</name>
         <value>0xe292</value>
         <object_component_ref idref="oc-4c8"/>
      </symbol>
      <symbol id="sm-577">
         <name>__mspabi_sral_6</name>
         <value>0xe29e</value>
         <object_component_ref idref="oc-4c8"/>
      </symbol>
      <symbol id="sm-578">
         <name>__mspabi_sral_7</name>
         <value>0xe29a</value>
         <object_component_ref idref="oc-4c8"/>
      </symbol>
      <symbol id="sm-579">
         <name>__mspabi_sral_4</name>
         <value>0xe2a6</value>
         <object_component_ref idref="oc-4c8"/>
      </symbol>
      <symbol id="sm-57a">
         <name>__mspabi_sral_5</name>
         <value>0xe2a2</value>
         <object_component_ref idref="oc-4c8"/>
      </symbol>
      <symbol id="sm-57b">
         <name>__mspabi_sral_2</name>
         <value>0xe2ae</value>
         <object_component_ref idref="oc-4c8"/>
      </symbol>
      <symbol id="sm-57c">
         <name>__mspabi_sral_3</name>
         <value>0xe2aa</value>
         <object_component_ref idref="oc-4c8"/>
      </symbol>
      <symbol id="sm-57d">
         <name>__mspabi_sral_1</name>
         <value>0xe2b2</value>
         <object_component_ref idref="oc-4c8"/>
      </symbol>
      <symbol id="sm-58a">
         <name>__mspabi_srall</name>
         <value>0xe1fc</value>
         <object_component_ref idref="oc-3f9"/>
      </symbol>
      <symbol id="sm-59a">
         <name>__mspabi_srll_8</name>
         <value>0xe312</value>
         <object_component_ref idref="oc-455"/>
      </symbol>
      <symbol id="sm-59b">
         <name>__mspabi_srll_9</name>
         <value>0xe30e</value>
         <object_component_ref idref="oc-455"/>
      </symbol>
      <symbol id="sm-59c">
         <name>__mspabi_srll_6</name>
         <value>0xe31a</value>
         <object_component_ref idref="oc-455"/>
      </symbol>
      <symbol id="sm-59d">
         <name>__mspabi_srll_7</name>
         <value>0xe316</value>
         <object_component_ref idref="oc-455"/>
      </symbol>
      <symbol id="sm-59e">
         <name>__mspabi_srll_4</name>
         <value>0xe322</value>
         <object_component_ref idref="oc-455"/>
      </symbol>
      <symbol id="sm-59f">
         <name>__mspabi_srll_5</name>
         <value>0xe31e</value>
         <object_component_ref idref="oc-455"/>
      </symbol>
      <symbol id="sm-5a0">
         <name>__mspabi_srll_2</name>
         <value>0xe32a</value>
         <object_component_ref idref="oc-455"/>
      </symbol>
      <symbol id="sm-5a1">
         <name>__mspabi_srll_3</name>
         <value>0xe326</value>
         <object_component_ref idref="oc-455"/>
      </symbol>
      <symbol id="sm-5a2">
         <name>__mspabi_srll_1</name>
         <value>0xe32e</value>
         <object_component_ref idref="oc-455"/>
      </symbol>
      <symbol id="sm-5a3">
         <name>__mspabi_srll_15</name>
         <value>0xe2f6</value>
         <object_component_ref idref="oc-455"/>
      </symbol>
      <symbol id="sm-5a4">
         <name>__mspabi_srll_14</name>
         <value>0xe2fa</value>
         <object_component_ref idref="oc-455"/>
      </symbol>
      <symbol id="sm-5a5">
         <name>__mspabi_srll_13</name>
         <value>0xe2fe</value>
         <object_component_ref idref="oc-455"/>
      </symbol>
      <symbol id="sm-5a6">
         <name>__mspabi_srll_12</name>
         <value>0xe302</value>
         <object_component_ref idref="oc-455"/>
      </symbol>
      <symbol id="sm-5a7">
         <name>__mspabi_srll_11</name>
         <value>0xe306</value>
         <object_component_ref idref="oc-455"/>
      </symbol>
      <symbol id="sm-5a8">
         <name>__mspabi_srll_10</name>
         <value>0xe30a</value>
         <object_component_ref idref="oc-455"/>
      </symbol>
      <symbol id="sm-5a9">
         <name>__mspabi_srll</name>
         <value>0xe546</value>
         <object_component_ref idref="oc-46f"/>
      </symbol>
      <symbol id="sm-5b6">
         <name>__mspabi_srlll</name>
         <value>0xe3aa</value>
         <object_component_ref idref="oc-466"/>
      </symbol>
      <symbol id="sm-5bf">
         <name>__mspabi_subd</name>
         <value>0xe3e4</value>
         <object_component_ref idref="oc-350"/>
      </symbol>
      <symbol id="sm-5cf">
         <name>_c_int00_noargs_mpu</name>
         <value>0xe4d6</value>
         <object_component_ref idref="oc-31d"/>
      </symbol>
      <symbol id="sm-5d0">
         <name>_stack</name>
         <value>0x1f60</value>
         <object_component_ref idref="oc-2b5"/>
      </symbol>
      <symbol id="sm-5d1">
         <name>_reset_vector</name>
         <value>0xfffe</value>
         <object_component_ref idref="oc-2b8"/>
      </symbol>
      <symbol id="sm-5da">
         <name>__mpu_init</name>
         <value>0xe4b4</value>
         <object_component_ref idref="oc-3b1"/>
      </symbol>
      <symbol id="sm-5fd">
         <name>__TI_auto_init_nobinit_nopinit_hold_wdt</name>
         <value>0xdf7e</value>
         <object_component_ref idref="oc-435"/>
      </symbol>
      <symbol id="sm-606">
         <name>_system_post_cinit</name>
         <value>0xe584</value>
         <object_component_ref idref="oc-498"/>
      </symbol>
      <symbol id="sm-60f">
         <name>_system_pre_init</name>
         <value>0xe580</value>
         <object_component_ref idref="oc-399"/>
      </symbol>
      <symbol id="sm-619">
         <name>abs</name>
         <value>0xe562</value>
         <object_component_ref idref="oc-35c"/>
      </symbol>
      <symbol id="sm-624">
         <name>C$$EXIT</name>
         <value>0xe57a</value>
         <object_component_ref idref="oc-411"/>
      </symbol>
      <symbol id="sm-625">
         <name>abort</name>
         <value>0xe57a</value>
         <object_component_ref idref="oc-411"/>
      </symbol>
   </symbol_table>
   <title>Link successful</title>
</link_info>
